Archive member included to satisfy reference by file (symbol)

C:/Program Files/STM32CubeIDE_1.14.0/STM32CubeIDE/plugins/com.st.stm32cube.ide.mcu.externaltools.gnu-tools-for-stm32.11.3.rel1.win32_1.1.100.202309141235/tools/bin/../lib/gcc/arm-none-eabi/11.3.1/../../../../arm-none-eabi/lib/thumb/v7e-m+fp/hard\libc_nano.a(libc_a-calloc.o)
                              ./CanOpenSTM32/CANopenNode_STM32/CANopen.o (calloc)
C:/Program Files/STM32CubeIDE_1.14.0/STM32CubeIDE/plugins/com.st.stm32cube.ide.mcu.externaltools.gnu-tools-for-stm32.11.3.rel1.win32_1.1.100.202309141235/tools/bin/../lib/gcc/arm-none-eabi/11.3.1/../../../../arm-none-eabi/lib/thumb/v7e-m+fp/hard\libc_nano.a(libc_a-callocr.o)
                              C:/Program Files/STM32CubeIDE_1.14.0/STM32CubeIDE/plugins/com.st.stm32cube.ide.mcu.externaltools.gnu-tools-for-stm32.11.3.rel1.win32_1.1.100.202309141235/tools/bin/../lib/gcc/arm-none-eabi/11.3.1/../../../../arm-none-eabi/lib/thumb/v7e-m+fp/hard\libc_nano.a(libc_a-calloc.o) (_calloc_r)
C:/Program Files/STM32CubeIDE_1.14.0/STM32CubeIDE/plugins/com.st.stm32cube.ide.mcu.externaltools.gnu-tools-for-stm32.11.3.rel1.win32_1.1.100.202309141235/tools/bin/../lib/gcc/arm-none-eabi/11.3.1/../../../../arm-none-eabi/lib/thumb/v7e-m+fp/hard\libc_nano.a(libc_a-exit.o)
                              C:/Program Files/STM32CubeIDE_1.14.0/STM32CubeIDE/plugins/com.st.stm32cube.ide.mcu.externaltools.gnu-tools-for-stm32.11.3.rel1.win32_1.1.100.202309141235/tools/bin/../lib/gcc/arm-none-eabi/11.3.1/../../../../arm-none-eabi/lib/thumb/v7e-m+fp/hard/crt0.o (exit)
C:/Program Files/STM32CubeIDE_1.14.0/STM32CubeIDE/plugins/com.st.stm32cube.ide.mcu.externaltools.gnu-tools-for-stm32.11.3.rel1.win32_1.1.100.202309141235/tools/bin/../lib/gcc/arm-none-eabi/11.3.1/../../../../arm-none-eabi/lib/thumb/v7e-m+fp/hard\libc_nano.a(libc_a-malloc.o)
                              ./CanOpenSTM32/CANopenNode_STM32/CANopen.o (free)
C:/Program Files/STM32CubeIDE_1.14.0/STM32CubeIDE/plugins/com.st.stm32cube.ide.mcu.externaltools.gnu-tools-for-stm32.11.3.rel1.win32_1.1.100.202309141235/tools/bin/../lib/gcc/arm-none-eabi/11.3.1/../../../../arm-none-eabi/lib/thumb/v7e-m+fp/hard\libc_nano.a(libc_a-mallocr.o)
                              C:/Program Files/STM32CubeIDE_1.14.0/STM32CubeIDE/plugins/com.st.stm32cube.ide.mcu.externaltools.gnu-tools-for-stm32.11.3.rel1.win32_1.1.100.202309141235/tools/bin/../lib/gcc/arm-none-eabi/11.3.1/../../../../arm-none-eabi/lib/thumb/v7e-m+fp/hard\libc_nano.a(libc_a-callocr.o) (_malloc_r)
C:/Program Files/STM32CubeIDE_1.14.0/STM32CubeIDE/plugins/com.st.stm32cube.ide.mcu.externaltools.gnu-tools-for-stm32.11.3.rel1.win32_1.1.100.202309141235/tools/bin/../lib/gcc/arm-none-eabi/11.3.1/../../../../arm-none-eabi/lib/thumb/v7e-m+fp/hard\libc_nano.a(libc_a-mlock.o)
                              C:/Program Files/STM32CubeIDE_1.14.0/STM32CubeIDE/plugins/com.st.stm32cube.ide.mcu.externaltools.gnu-tools-for-stm32.11.3.rel1.win32_1.1.100.202309141235/tools/bin/../lib/gcc/arm-none-eabi/11.3.1/../../../../arm-none-eabi/lib/thumb/v7e-m+fp/hard\libc_nano.a(libc_a-mallocr.o) (__malloc_lock)
C:/Program Files/STM32CubeIDE_1.14.0/STM32CubeIDE/plugins/com.st.stm32cube.ide.mcu.externaltools.gnu-tools-for-stm32.11.3.rel1.win32_1.1.100.202309141235/tools/bin/../lib/gcc/arm-none-eabi/11.3.1/../../../../arm-none-eabi/lib/thumb/v7e-m+fp/hard\libc_nano.a(libc_a-fflush.o)
                              ./CanOpenSTM32/CANopenNode_STM32/CO_app_STM32.o (fflush)
C:/Program Files/STM32CubeIDE_1.14.0/STM32CubeIDE/plugins/com.st.stm32cube.ide.mcu.externaltools.gnu-tools-for-stm32.11.3.rel1.win32_1.1.100.202309141235/tools/bin/../lib/gcc/arm-none-eabi/11.3.1/../../../../arm-none-eabi/lib/thumb/v7e-m+fp/hard\libc_nano.a(libc_a-findfp.o)
                              C:/Program Files/STM32CubeIDE_1.14.0/STM32CubeIDE/plugins/com.st.stm32cube.ide.mcu.externaltools.gnu-tools-for-stm32.11.3.rel1.win32_1.1.100.202309141235/tools/bin/../lib/gcc/arm-none-eabi/11.3.1/../../../../arm-none-eabi/lib/thumb/v7e-m+fp/hard\libc_nano.a(libc_a-fflush.o) (__sinit)
C:/Program Files/STM32CubeIDE_1.14.0/STM32CubeIDE/plugins/com.st.stm32cube.ide.mcu.externaltools.gnu-tools-for-stm32.11.3.rel1.win32_1.1.100.202309141235/tools/bin/../lib/gcc/arm-none-eabi/11.3.1/../../../../arm-none-eabi/lib/thumb/v7e-m+fp/hard\libc_nano.a(libc_a-fwalk.o)
                              C:/Program Files/STM32CubeIDE_1.14.0/STM32CubeIDE/plugins/com.st.stm32cube.ide.mcu.externaltools.gnu-tools-for-stm32.11.3.rel1.win32_1.1.100.202309141235/tools/bin/../lib/gcc/arm-none-eabi/11.3.1/../../../../arm-none-eabi/lib/thumb/v7e-m+fp/hard\libc_nano.a(libc_a-fflush.o) (_fwalk_sglue)
C:/Program Files/STM32CubeIDE_1.14.0/STM32CubeIDE/plugins/com.st.stm32cube.ide.mcu.externaltools.gnu-tools-for-stm32.11.3.rel1.win32_1.1.100.202309141235/tools/bin/../lib/gcc/arm-none-eabi/11.3.1/../../../../arm-none-eabi/lib/thumb/v7e-m+fp/hard\libc_nano.a(libc_a-printf.o)
[...]
Memory Configuration

Name             Origin             Length             Attributes
RAM              0x0000000020000000 0x0000000000020000 xrw
FLASH            0x0000000008000000 0x0000000000080000 xr
*default*        0x0000000000000000 0xffffffffffffffff

Linker script and memory map

LOAD C:/Program Files/STM32CubeIDE_1.14.0/STM32CubeIDE/plugins/com.st.stm32cube.ide.mcu.externaltools.gnu-tools-for-stm32.11.3.rel1.win32_1.1.100.202309141235/tools/bin/../lib/gcc/arm-none-eabi/11.3.1/thumb/v7e-m+fp/hard/crti.o
LOAD C:/Program Files/STM32CubeIDE_1.14.0/STM32CubeIDE/plugins/com.st.stm32cube.ide.mcu.externaltools.gnu-tools-for-stm32.11.3.rel1.win32_1.1.100.202309141235/tools/bin/../lib/gcc/arm-none-eabi/11.3.1/thumb/v7e-m+fp/hard/crtbegin.o
LOAD C:/Program Files/STM32CubeIDE_1.14.0/STM32CubeIDE/plugins/com.st.stm32cube.ide.mcu.externaltools.gnu-tools-for-stm32.11.3.rel1.win32_1.1.100.202309141235/tools/bin/../lib/gcc/arm-none-eabi/11.3.1/../../../../arm-none-eabi/lib/thumb/v7e-m+fp/hard/crt0.o
LOAD ./CanOpenSTM32/CANopenNode_STM32/CANopen.o
LOAD ./CanOpenSTM32/CANopenNode_STM32/CO_Emergency.o
LOAD ./CanOpenSTM32/CANopenNode_STM32/CO_GFC.o
LOAD ./CanOpenSTM32/CANopenNode_STM32/CO_HBconsumer.o
LOAD ./CanOpenSTM32/CANopenNode_STM32/CO_LEDs.o
LOAD ./CanOpenSTM32/CANopenNode_STM32/CO_LSSmaster.o
LOAD ./CanOpenSTM32/CANopenNode_STM32/CO_LSSslave.o
LOAD ./CanOpenSTM32/CANopenNode_STM32/CO_NMT_Heartbeat.o
LOAD ./CanOpenSTM32/CANopenNode_STM32/CO_Node_Guarding.o
LOAD ./CanOpenSTM32/CANopenNode_STM32/CO_ODinterface.o
LOAD ./CanOpenSTM32/CANopenNode_STM32/CO_PDO.o
LOAD ./CanOpenSTM32/CANopenNode_STM32/CO_SDOclient.o
LOAD ./CanOpenSTM32/CANopenNode_STM32/CO_SDOserver.o
LOAD ./CanOpenSTM32/CANopenNode_STM32/CO_SRDO.o
LOAD ./CanOpenSTM32/CANopenNode_STM32/CO_SYNC.o
LOAD ./CanOpenSTM32/CANopenNode_STM32/CO_TIME.o
LOAD ./CanOpenSTM32/CANopenNode_STM32/CO_app_STM32.o
LOAD ./CanOpenSTM32/CANopenNode_STM32/CO_driver_STM32.o
LOAD ./CanOpenSTM32/CANopenNode_STM32/CO_fifo.o
LOAD ./CanOpenSTM32/CANopenNode_STM32/CO_storageBlank.o
LOAD ./CanOpenSTM32/CANopenNode_STM32/OD.o
LOAD ./CanOpenSTM32/CANopenNode_STM32/crc16-ccitt.o
LOAD ./Core/Src/main.o
LOAD ./Core/Src/stm32f4xx_hal_msp.o
LOAD ./Core/Src/stm32f4xx_it.o
LOAD ./Core/Src/syscalls.o
LOAD ./Core/Src/sysmem.o
LOAD ./Core/Src/system_stm32f4xx.o
LOAD ./Core/Startup/startup_stm32f446retx.o
LOAD ./Drivers/STM32F4xx_HAL_Driver/Src/stm32f4xx_hal.o
LOAD ./Drivers/STM32F4xx_HAL_Driver/Src/stm32f4xx_hal_can.o
LOAD ./Drivers/STM32F4xx_HAL_Driver/Src/stm32f4xx_hal_cortex.o
LOAD ./Drivers/STM32F4xx_HAL_Driver/Src/stm32f4xx_hal_dma.o
LOAD ./Drivers/STM32F4xx_HAL_Driver/Src/stm32f4xx_hal_dma_ex.o
LOAD ./Drivers/STM32F4xx_HAL_Driver/Src/stm32f4xx_hal_exti.o
LOAD ./Drivers/STM32F4xx_HAL_Driver/Src/stm32f4xx_hal_flash.o
LOAD ./Drivers/STM32F4xx_HAL_Driver/Src/stm32f4xx_hal_flash_ex.o
LOAD ./Drivers/STM32F4xx_HAL_Driver/Src/stm32f4xx_hal_flash_ramfunc.o
LOAD ./Drivers/STM32F4xx_HAL_Driver/Src/stm32f4xx_hal_gpio.o
LOAD ./Drivers/STM32F4xx_HAL_Driver/Src/stm32f4xx_hal_pwr.o
LOAD ./Drivers/STM32F4xx_HAL_Driver/Src/stm32f4xx_hal_pwr_ex.o
LOAD ./Drivers/STM32F4xx_HAL_Driver/Src/stm32f4xx_hal_rcc.o
LOAD ./Drivers/STM32F4xx_HAL_Driver/Src/stm32f4xx_hal_rcc_ex.o
LOAD ./Drivers/STM32F4xx_HAL_Driver/Src/stm32f4xx_hal_tim.o
LOAD ./Drivers/STM32F4xx_HAL_Driver/Src/stm32f4xx_hal_tim_ex.o
LOAD ./Drivers/STM32F4xx_HAL_Driver/Src/stm32f4xx_hal_uart.o
START GROUP
LOAD C:/Program Files/STM32CubeIDE_1.14.0/STM32CubeIDE/plugins/com.st.stm32cube.ide.mcu.externaltools.gnu-tools-for-stm32.11.3.rel1.win32_1.1.100.202309141235/tools/bin/../lib/gcc/arm-none-eabi/11.3.1/../../../../arm-none-eabi/lib/thumb/v7e-m+fp/hard\libc_nano.a
LOAD C:/Program Files/STM32CubeIDE_1.14.0/STM32CubeIDE/plugins/com.st.stm32cube.ide.mcu.externaltools.gnu-tools-for-stm32.11.3.rel1.win32_1.1.100.202309141235/tools/bin/../lib/gcc/arm-none-eabi/11.3.1/../../../../arm-none-eabi/lib/thumb/v7e-m+fp/hard\libm.a
END GROUP
START GROUP
LOAD C:/Program Files/STM32CubeIDE_1.14.0/STM32CubeIDE/plugins/com.st.stm32cube.ide.mcu.externaltools.gnu-tools-for-stm32.11.3.rel1.win32_1.1.100.202309141235/tools/bin/../lib/gcc/arm-none-eabi/11.3.1/thumb/v7e-m+fp/hard\libgcc.a
LOAD C:/Program Files/STM32CubeIDE_1.14.0/STM32CubeIDE/plugins/com.st.stm32cube.ide.mcu.externaltools.gnu-tools-for-stm32.11.3.rel1.win32_1.1.100.202309141235/tools/bin/../lib/gcc/arm-none-eabi/11.3.1/../../../../arm-none-eabi/lib/thumb/v7e-m+fp/hard\libc_nano.a
END GROUP
START GROUP
LOAD C:/Program Files/STM32CubeIDE_1.14.0/STM32CubeIDE/plugins/com.st.stm32cube.ide.mcu.externaltools.gnu-tools-for-stm32.11.3.rel1.win32_1.1.100.202309141235/tools/bin/../lib/gcc/arm-none-eabi/11.3.1/thumb/v7e-m+fp/hard\libgcc.a
LOAD C:/Program Files/STM32CubeIDE_1.14.0/STM32CubeIDE/plugins/com.st.stm32cube.ide.mcu.externaltools.gnu-tools-for-stm32.11.3.rel1.win32_1.1.100.202309141235/tools/bin/../lib/gcc/arm-none-eabi/11.3.1/../../../../arm-none-eabi/lib/thumb/v7e-m+fp/hard\libc_nano.a
LOAD C:/Program Files/STM32CubeIDE_1.14.0/STM32CubeIDE/plugins/com.st.stm32cube.ide.mcu.externaltools.gnu-tools-for-stm32.11.3.rel1.win32_1.1.100.202309141235/tools/bin/../lib/gcc/arm-none-eabi/11.3.1/../../../../arm-none-eabi/lib/thumb/v7e-m+fp/hard\libnosys.a
END GROUP
START GROUP
LOAD C:/Program Files/STM32CubeIDE_1.14.0/STM32CubeIDE/plugins/com.st.stm32cube.ide.mcu.externaltools.gnu-tools-for-stm32.11.3.rel1.win32_1.1.100.202309141235/tools/bin/../lib/gcc/arm-none-eabi/11.3.1/thumb/v7e-m+fp/hard\libgcc.a
LOAD C:/Program Files/STM32CubeIDE_1.14.0/STM32CubeIDE/plugins/com.st.stm32cube.ide.mcu.externaltools.gnu-tools-for-stm32.11.3.rel1.win32_1.1.100.202309141235/tools/bin/../lib/gcc/arm-none-eabi/11.3.1/../../../../arm-none-eabi/lib/thumb/v7e-m+fp/hard\libc_nano.a
LOAD C:/Program Files/STM32CubeIDE_1.14.0/STM32CubeIDE/plugins/com.st.stm32cube.ide.mcu.externaltools.gnu-tools-for-stm32.11.3.rel1.win32_1.1.100.202309141235/tools/bin/../lib/gcc/arm-none-eabi/11.3.1/../../../../arm-none-eabi/lib/thumb/v7e-m+fp/hard\libnosys.a
END GROUP
LOAD C:/Program Files/STM32CubeIDE_1.14.0/STM32CubeIDE/plugins/com.st.stm32cube.ide.mcu.externaltools.gnu-tools-for-stm32.11.3.rel1.win32_1.1.100.202309141235/tools/bin/../lib/gcc/arm-none-eabi/11.3.1/thumb/v7e-m+fp/hard/crtend.o
LOAD C:/Program Files/STM32CubeIDE_1.14.0/STM32CubeIDE/plugins/com.st.stm32cube.ide.mcu.externaltools.gnu-tools-for-stm32.11.3.rel1.win32_1.1.100.202309141235/tools/bin/../lib/gcc/arm-none-eabi/11.3.1/thumb/v7e-m+fp/hard/crtn.o
                0x0000000020020000                _estack = (ORIGIN (RAM) + LENGTH (RAM))
                0x0000000000000200                _Min_Heap_Size = 0x200
                0x0000000000000400                _Min_Stack_Size = 0x400

.isr_vector     0x0000000008000000      0x1c4
                0x0000000008000000                . = ALIGN (0x4)
 *(.isr_vector)
 .isr_vector    0x0000000008000000      0x1c4 ./Core/Startup/startup_stm32f446retx.o
                0x0000000008000000                g_pfnVectors
                0x00000000080001c4                . = ALIGN (0x4)

.text           0x00000000080001d0     0xf668
                0x00000000080001d0                . = ALIGN (0x4)
 *(.text)
 .text          0x00000000080001d0       0x40 C:/Program Files/STM32CubeIDE_1.14.0/STM32CubeIDE/plugins/com.st.stm32cube.ide.mcu.externaltools.gnu-tools-for-stm32.11.3.rel1.win32_1.1.100.202309141235/tools/bin/../lib/gcc/arm-none-eabi/11.3.1/thumb/v7e-m+fp/hard/crtbegin.o
 .text          0x0000000008000210       0x10 C:/Program Files/STM32CubeIDE_1.14.0/STM32CubeIDE/plugins/com.st.stm32cube.ide.mcu.externaltools.gnu-tools-for-stm32.11.3.rel1.win32_1.1.100.202309141235/tools/bin/../lib/gcc/arm-none-eabi/11.3.1/../../../../arm-none-eabi/lib/thumb/v7e-m+fp/hard\libc_nano.a(libc_a-strlen.o)
                0x0000000008000210                strlen
 .text          0x0000000008000220       0xa0 C:/Program Files/STM32CubeIDE_1.14.0/STM32CubeIDE/plugins/com.st.stm32cube.ide.mcu.externaltools.gnu-tools-for-stm32.11.3.rel1.win32_1.1.100.202309141235/tools/bin/../lib/gcc/arm-none-eabi/11.3.1/../../../../arm-none-eabi/lib/thumb/v7e-m+fp/hard\libc_nano.a(libc_a-memchr.o)
                0x0000000008000220                memchr
 .text          0x00000000080002c0      0x378 C:/Program Files/STM32CubeIDE_1.14.0/STM32CubeIDE/plugins/com.st.stm32cube.ide.mcu.externaltools.gnu-tools-for-stm32.11.3.rel1.win32_1.1.100.202309141235/tools/bin/../lib/gcc/arm-none-eabi/11.3.1/thumb/v7e-m+fp/hard\libgcc.a(_arm_addsubdf3.o)
                0x00000000080002c0                __aeabi_drsub
                0x00000000080002c8                __aeabi_dsub
                0x00000000080002c8                __subdf3
                0x00000000080002cc                __aeabi_dadd
                0x00000000080002cc                __adddf3
                0x0000000008000544                __floatunsidf
                0x0000000008000544                __aeabi_ui2d
                0x0000000008000564                __floatsidf
                0x0000000008000564                __aeabi_i2d
                0x0000000008000588                __aeabi_f2d
                0x0000000008000588                __extendsfdf2
                0x00000000080005cc                __floatundidf
                0x00000000080005cc                __aeabi_ul2d
                0x00000000080005dc                __floatdidf
                0x00000000080005dc                __aeabi_l2d
 .text          0x0000000008000638      0x424 C:/Program Files/STM32CubeIDE_1.14.0/STM32CubeIDE/plugins/com.st.stm32cube.ide.mcu.externaltools.gnu-tools-for-stm32.11.3.rel1.win32_1.1.100.202309141235/tools/bin/../lib/gcc/arm-none-eabi/11.3.1/thumb/v7e-m+fp/hard\libgcc.a(_arm_muldivdf3.o)
                0x0000000008000638                __aeabi_dmul
                0x0000000008000638                __muldf3
                0x000000000800088c                __divdf3
                0x000000000800088c                __aeabi_ddiv
 .text          0x0000000008000a5c      0x110 C:/Program Files/STM32CubeIDE_1.14.0/STM32CubeIDE/plugins/com.st.stm32cube.ide.mcu.externaltools.gnu-tools-for-stm32.11.3.rel1.win32_1.1.100.202309141235/tools/bin/../lib/gcc/arm-none-eabi/11.3.1/thumb/v7e-m+fp/hard\libgcc.a(_arm_cmpdf2.o)
                0x0000000008000a5c                __gtdf2
                0x0000000008000a5c                __gedf2
                0x0000000008000a64                __ltdf2
                0x0000000008000a64                __ledf2
                0x0000000008000a6c                __nedf2
                0x0000000008000a6c                __eqdf2
                0x0000000008000a6c                __cmpdf2
                0x0000000008000ae8                __aeabi_cdrcmple
                0x0000000008000af8                __aeabi_cdcmpeq
                0x0000000008000af8                __aeabi_cdcmple
                0x0000000008000b08                __aeabi_dcmpeq
                0x0000000008000b1c                __aeabi_dcmplt
                0x0000000008000b30                __aeabi_dcmple
                0x0000000008000b44                __aeabi_dcmpge
                0x0000000008000b58                __aeabi_dcmpgt
 .text          0x0000000008000b6c       0x2c C:/Program Files/STM32CubeIDE_1.14.0/STM32CubeIDE/plugins/com.st.stm32cube.ide.mcu.externaltools.gnu-tools-for-stm32.11.3.rel1.win32_1.1.100.202309141235/tools/bin/../lib/gcc/arm-none-eabi/11.3.1/thumb/v7e-m+fp/hard\libgcc.a(_arm_unorddf2.o)
                0x0000000008000b6c                __unorddf2
                0x0000000008000b6c                __aeabi_dcmpun
 .text          0x0000000008000b98       0x40 C:/Program Files/STM32CubeIDE_1.14.0/STM32CubeIDE/plugins/com.st.stm32cube.ide.mcu.externaltools.gnu-tools-for-stm32.11.3.rel1.win32_1.1.100.202309141235/tools/bin/../lib/gcc/arm-none-eabi/11.3.1/thumb/v7e-m+fp/hard\libgcc.a(_arm_fixunsdfsi.o)
                0x0000000008000b98                __aeabi_d2uiz
                0x0000000008000b98                __fixunsdfsi
 .text          0x0000000008000bd8       0x30 C:/Program Files/STM32CubeIDE_1.14.0/STM32CubeIDE/plugins/com.st.stm32cube.ide.mcu.externaltools.gnu-tools-for-stm32.11.3.rel1.win32_1.1.100.202309141235/tools/bin/../lib/gcc/arm-none-eabi/11.3.1/thumb/v7e-m+fp/hard\libgcc.a(_aeabi_uldivmod.o)
                0x0000000008000bd8                __aeabi_uldivmod
 .text          0x0000000008000c08      0x2c8 C:/Program Files/STM32CubeIDE_1.14.0/STM32CubeIDE/plugins/com.st.stm32cube.ide.mcu.externaltools.gnu-tools-for-stm32.11.3.rel1.win32_1.1.100.202309141235/tools/bin/../lib/gcc/arm-none-eabi/11.3.1/thumb/v7e-m+fp/hard\libgcc.a(_udivmoddi4.o)
                0x0000000008000c08                __udivmoddi4
 .text          0x0000000008000ed0        0x4 C:/Program Files/STM32CubeIDE_1.14.0/STM32CubeIDE/plugins/com.st.stm32cube.ide.mcu.externaltools.gnu-tools-for-stm32.11.3.rel1.win32_1.1.100.202309141235/tools/bin/../lib/gcc/arm-none-eabi/11.3.1/thumb/v7e-m+fp/hard\libgcc.a(_dvmd_tls.o)
                0x0000000008000ed0                __aeabi_idiv0
                0x0000000008000ed0                __aeabi_ldiv0
 *(.text*)
 .text.CO_isError
                0x0000000008000ed4       0x4e ./CanOpenSTM32/CANopenNode_STM32/CANopen.o
 .text.CO_getErrorRegister
                0x0000000008000f22       0x2c ./CanOpenSTM32/CANopenNode_STM32/CANopen.o
 .text.CO_NMT_getInternalState
                0x0000000008000f4e       0x24 ./CanOpenSTM32/CANopenNode_STM32/CANopen.o
 .text.CO_LSSslave_getState
                0x0000000008000f72       0x22 ./CanOpenSTM32/CANopenNode_STM32/CANopen.o
 .text.CO_new   0x0000000008000f94      0x24e ./CanOpenSTM32/CANopenNode_STM32/CANopen.o
                0x0000000008000f94                CO_new
 .text.CO_delete
                0x00000000080011e2       0xbe ./CanOpenSTM32/CANopenNode_STM32/CANopen.o
                0x00000000080011e2                CO_delete
 .text.CO_CANinit
                0x00000000080012a0       0x58 ./CanOpenSTM32/CANopenNode_STM32/CANopen.o
                0x00000000080012a0                CO_CANinit
 .text.CO_LSSinit
                0x00000000080012f8       0x58 ./CanOpenSTM32/CANopenNode_STM32/CANopen.o
                0x00000000080012f8                CO_LSSinit
 .text.CO_CANopenInit
                0x0000000008001350      0x288 ./CanOpenSTM32/CANopenNode_STM32/CANopen.o
                0x0000000008001350                CO_CANopenInit
 .text.CO_CANopenInitPDO
                0x00000000080015d8      0x190 ./CanOpenSTM32/CANopenNode_STM32/CANopen.o
                0x00000000080015d8                CO_CANopenInitPDO
 .text.CO_process
                0x0000000008001768      0x1f0 ./CanOpenSTM32/CANopenNode_STM32/CANopen.o
                0x0000000008001768                CO_process
 .text.CO_process_SYNC
                0x0000000008001958       0x86 ./CanOpenSTM32/CANopenNode_STM32/CANopen.o
                0x0000000008001958                CO_process_SYNC
 .text.CO_process_RPDO
                0x00000000080019de       0x68 ./CanOpenSTM32/CANopenNode_STM32/CANopen.o
                0x00000000080019de                CO_process_RPDO
 .text.CO_process_TPDO
                0x0000000008001a46       0x68 ./CanOpenSTM32/CANopenNode_STM32/CANopen.o
                0x0000000008001a46                CO_process_TPDO
 .text.CO_getUint8
                0x0000000008001aae       0x1c ./CanOpenSTM32/CANopenNode_STM32/CO_Emergency.o
 .text.CO_setUint8
                0x0000000008001aca       0x20 ./CanOpenSTM32/CANopenNode_STM32/CO_Emergency.o
 .text.CO_setUint32
                0x0000000008001aea       0x1e ./CanOpenSTM32/CANopenNode_STM32/CO_Emergency.o
 .text.OD_getIndex
                0x0000000008001b08       0x22 ./CanOpenSTM32/CANopenNode_STM32/CO_Emergency.o
 .text.OD_extension_init
                0x0000000008001b2a       0x28 ./CanOpenSTM32/CANopenNode_STM32/CO_Emergency.o
 .text.OD_get_u32
                0x0000000008001b52       0x2a ./CanOpenSTM32/CANopenNode_STM32/CO_Emergency.o
 .text.OD_read_1014_default
                0x0000000008001b7c       0x70 ./CanOpenSTM32/CANopenNode_STM32/CO_Emergency.o
 .text.OD_read_1003
                0x0000000008001bec       0xdc ./CanOpenSTM32/CANopenNode_STM32/CO_Emergency.o
 .text.OD_write_1003
                0x0000000008001cc8       0x60 ./CanOpenSTM32/CANopenNode_STM32/CO_Emergency.o
 .text.CO_EM_init
                0x0000000008001d28      0x1c0 ./CanOpenSTM32/CANopenNode_STM32/CO_Emergency.o
                0x0000000008001d28                CO_EM_init
 .text.CO_EM_process
                0x0000000008001ee8      0x296 ./CanOpenSTM32/CANopenNode_STM32/CO_Emergency.o
                0x0000000008001ee8                CO_EM_process
 .text.CO_error
                0x000000000800217e      0x17a ./CanOpenSTM32/CANopenNode_STM32/CO_Emergency.o
                0x000000000800217e                CO_error
 .text.CO_getUint32
                0x00000000080022f8       0x1c ./CanOpenSTM32/CANopenNode_STM32/CO_HBconsumer.o
 .text.OD_getIndex
                0x0000000008002314       0x22 ./CanOpenSTM32/CANopenNode_STM32/CO_HBconsumer.o
 .text.OD_extension_init
                0x0000000008002336       0x28 ./CanOpenSTM32/CANopenNode_STM32/CO_HBconsumer.o
 .text.OD_get_u32
                0x000000000800235e       0x2a ./CanOpenSTM32/CANopenNode_STM32/CO_HBconsumer.o
 .text.CO_HBcons_receive
                0x0000000008002388       0x3c ./CanOpenSTM32/CANopenNode_STM32/CO_HBconsumer.o
 .text.OD_write_1016
                0x00000000080023c4       0x8e ./CanOpenSTM32/CANopenNode_STM32/CO_HBconsumer.o
 *fill*         0x0000000008002452        0x2 
 .text.CO_HBconsumer_init
                0x0000000008002454      0x154 ./CanOpenSTM32/CANopenNode_STM32/CO_HBconsumer.o
                0x0000000008002454                CO_HBconsumer_init
 .text.CO_HBconsumer_initEntry
                0x00000000080025a8      0x130 ./CanOpenSTM32/CANopenNode_STM32/CO_HBconsumer.o
 .text.CO_HBconsumer_process
                0x00000000080026d8      0x1aa ./CanOpenSTM32/CANopenNode_STM32/CO_HBconsumer.o
                0x00000000080026d8                CO_HBconsumer_process
 .text.CO_LEDs_init
                0x0000000008002882       0x2e ./CanOpenSTM32/CANopenNode_STM32/CO_LEDs.o
                0x0000000008002882                CO_LEDs_init
 .text.CO_LEDs_process
                0x00000000080028b0      0x360 ./CanOpenSTM32/CANopenNode_STM32/CO_LEDs.o
                0x00000000080028b0                CO_LEDs_process
 .text.CO_LSSslave_receive
                0x0000000008002c10      0x2c8 ./CanOpenSTM32/CANopenNode_STM32/CO_LSSslave.o
 .text.CO_LSSslave_init
                0x0000000008002ed8       0xec ./CanOpenSTM32/CANopenNode_STM32/CO_LSSslave.o
                0x0000000008002ed8                CO_LSSslave_init
 .text.CO_LSSslave_process
                0x0000000008002fc4      0x42c ./CanOpenSTM32/CANopenNode_STM32/CO_LSSslave.o
                0x0000000008002fc4                CO_LSSslave_process
 .text.CO_getUint16
                0x00000000080033f0       0x1e ./CanOpenSTM32/CANopenNode_STM32/CO_NMT_Heartbeat.o
 .text.OD_getIndex
                0x000000000800340e       0x22 ./CanOpenSTM32/CANopenNode_STM32/CO_NMT_Heartbeat.o
 .text.OD_extension_init
                0x0000000008003430       0x28 ./CanOpenSTM32/CANopenNode_STM32/CO_NMT_Heartbeat.o
 .text.OD_get_u16
                0x0000000008003458       0x2a ./CanOpenSTM32/CANopenNode_STM32/CO_NMT_Heartbeat.o
 .text.CO_isError
                0x0000000008003482       0x4e ./CanOpenSTM32/CANopenNode_STM32/CO_NMT_Heartbeat.o
 .text.CO_getErrorRegister
                0x00000000080034d0       0x2c ./CanOpenSTM32/CANopenNode_STM32/CO_NMT_Heartbeat.o
 .text.CO_NMT_receive
                0x00000000080034fc       0x50 ./CanOpenSTM32/CANopenNode_STM32/CO_NMT_Heartbeat.o
 .text.OD_write_1017
                0x000000000800354c       0x6a ./CanOpenSTM32/CANopenNode_STM32/CO_NMT_Heartbeat.o
 *fill*         0x00000000080035b6        0x2 
 .text.CO_NMT_init
                0x00000000080035b8      0x17c ./CanOpenSTM32/CANopenNode_STM32/CO_NMT_Heartbeat.o
                0x00000000080035b8                CO_NMT_init
 .text.CO_NMT_process
                0x0000000008003734      0x22e ./CanOpenSTM32/CANopenNode_STM32/CO_NMT_Heartbeat.o
                0x0000000008003734                CO_NMT_process
 .text.OD_readOriginal
                0x0000000008003962       0xb0 ./CanOpenSTM32/CANopenNode_STM32/CO_ODinterface.o
                0x0000000008003962                OD_readOriginal
 .text.OD_writeOriginal
                0x0000000008003a12       0xda ./CanOpenSTM32/CANopenNode_STM32/CO_ODinterface.o
                0x0000000008003a12                OD_writeOriginal
 .text.OD_readDisabled
                0x0000000008003aec       0x1c ./CanOpenSTM32/CANopenNode_STM32/CO_ODinterface.o
 .text.OD_writeDisabled
                0x0000000008003b08       0x1c ./CanOpenSTM32/CANopenNode_STM32/CO_ODinterface.o
 .text.OD_find  0x0000000008003b24       0xb8 ./CanOpenSTM32/CANopenNode_STM32/CO_ODinterface.o
                0x0000000008003b24                OD_find
 .text.OD_getSub
                0x0000000008003bdc      0x210 ./CanOpenSTM32/CANopenNode_STM32/CO_ODinterface.o
                0x0000000008003bdc                OD_getSub
 .text.OD_getSDOabCode
                0x0000000008003dec       0x3c ./CanOpenSTM32/CANopenNode_STM32/CO_ODinterface.o
                0x0000000008003dec                OD_getSDOabCode
 .text.OD_get_value
                0x0000000008003e28       0x7a ./CanOpenSTM32/CANopenNode_STM32/CO_ODinterface.o
                0x0000000008003e28                OD_get_value
 .text.OD_set_value
                0x0000000008003ea2       0x7a ./CanOpenSTM32/CANopenNode_STM32/CO_ODinterface.o
                0x0000000008003ea2                OD_set_value
 .text.OD_getPtr
                0x0000000008003f1c       0x86 ./CanOpenSTM32/CANopenNode_STM32/CO_ODinterface.o
                0x0000000008003f1c                OD_getPtr
 .text.CO_getUint8
                0x0000000008003fa2       0x1c ./CanOpenSTM32/CANopenNode_STM32/CO_PDO.o
 .text.CO_getUint16
                0x0000000008003fbe       0x1e ./CanOpenSTM32/CANopenNode_STM32/CO_PDO.o
 .text.CO_getUint32
                0x0000000008003fdc       0x1c ./CanOpenSTM32/CANopenNode_STM32/CO_PDO.o
 .text.CO_setUint32
                0x0000000008003ff8       0x1e ./CanOpenSTM32/CANopenNode_STM32/CO_PDO.o
 .text.OD_getIndex
                0x0000000008004016       0x22 ./CanOpenSTM32/CANopenNode_STM32/CO_PDO.o
 .text.OD_extension_init
                0x0000000008004038       0x28 ./CanOpenSTM32/CANopenNode_STM32/CO_PDO.o
 .text.OD_get_u8
                0x0000000008004060       0x2a ./CanOpenSTM32/CANopenNode_STM32/CO_PDO.o
 .text.OD_get_u16
                0x000000000800408a       0x2a ./CanOpenSTM32/CANopenNode_STM32/CO_PDO.o
 .text.OD_get_u32
                0x00000000080040b4       0x2a ./CanOpenSTM32/CANopenNode_STM32/CO_PDO.o
 .text.OD_write_dummy
                0x00000000080040de       0x28 ./CanOpenSTM32/CANopenNode_STM32/CO_PDO.o
 .text.OD_read_dummy
                0x0000000008004106       0x4e ./CanOpenSTM32/CANopenNode_STM32/CO_PDO.o
 .text.PDOconfigMap
                0x0000000008004154      0x17c ./CanOpenSTM32/CANopenNode_STM32/CO_PDO.o
 .text.PDO_initMapping
                0x00000000080042d0      0x154 ./CanOpenSTM32/CANopenNode_STM32/CO_PDO.o
 .text.OD_write_PDO_mapping
                0x0000000008004424      0x132 ./CanOpenSTM32/CANopenNode_STM32/CO_PDO.o
 .text.OD_read_PDO_commParam
                0x0000000008004556       0x9c ./CanOpenSTM32/CANopenNode_STM32/CO_PDO.o
 .text.CO_PDO_receive
                0x00000000080045f2       0xbc ./CanOpenSTM32/CANopenNode_STM32/CO_PDO.o
 *fill*         0x00000000080046ae        0x2 
 .text.OD_write_14xx
                0x00000000080046b0      0x240 ./CanOpenSTM32/CANopenNode_STM32/CO_PDO.o
 .text.CO_RPDO_init
                0x00000000080048f0      0x284 ./CanOpenSTM32/CANopenNode_STM32/CO_PDO.o
                0x00000000080048f0                CO_RPDO_init
 .text.CO_RPDO_process
                0x0000000008004b74      0x296 ./CanOpenSTM32/CANopenNode_STM32/CO_PDO.o
                0x0000000008004b74                CO_RPDO_process
 *fill*         0x0000000008004e0a        0x2 
 .text.OD_write_18xx
                0x0000000008004e0c      0x2a4 ./CanOpenSTM32/CANopenNode_STM32/CO_PDO.o
 .text.CO_TPDO_init
                0x00000000080050b0      0x2e0 ./CanOpenSTM32/CANopenNode_STM32/CO_PDO.o
                0x00000000080050b0                CO_TPDO_init
 .text.CO_TPDOsend
                0x0000000008005390      0x188 ./CanOpenSTM32/CANopenNode_STM32/CO_PDO.o
 .text.CO_TPDO_process
                0x0000000008005518      0x200 ./CanOpenSTM32/CANopenNode_STM32/CO_PDO.o
                0x0000000008005518                CO_TPDO_process
 .text.CO_getUint8
                0x0000000008005718       0x1c ./CanOpenSTM32/CANopenNode_STM32/CO_SDOserver.o
 .text.CO_getUint32
                0x0000000008005734       0x1c ./CanOpenSTM32/CANopenNode_STM32/CO_SDOserver.o
 .text.OD_getIndex
                0x0000000008005750       0x22 ./CanOpenSTM32/CANopenNode_STM32/CO_SDOserver.o
 .text.OD_extension_init
                0x0000000008005772       0x28 ./CanOpenSTM32/CANopenNode_STM32/CO_SDOserver.o
 .text.OD_get_u8
                0x000000000800579a       0x2a ./CanOpenSTM32/CANopenNode_STM32/CO_SDOserver.o
 .text.OD_get_u32
                0x00000000080057c4       0x2a ./CanOpenSTM32/CANopenNode_STM32/CO_SDOserver.o
 .text.OD_set_u32
                0x00000000080057ee       0x2a ./CanOpenSTM32/CANopenNode_STM32/CO_SDOserver.o
 .text.CO_SDO_receive
                0x0000000008005818       0x54 ./CanOpenSTM32/CANopenNode_STM32/CO_SDOserver.o
 .text.CO_SDOserver_init_canRxTx
                0x000000000800586c       0xd8 ./CanOpenSTM32/CANopenNode_STM32/CO_SDOserver.o
 .text.OD_write_1201_additional
                0x0000000008005944      0x224 ./CanOpenSTM32/CANopenNode_STM32/CO_SDOserver.o
 .text.CO_SDOserver_init
                0x0000000008005b68      0x228 ./CanOpenSTM32/CANopenNode_STM32/CO_SDOserver.o
                0x0000000008005b68                CO_SDOserver_init
 .text.validateAndWriteToOD
                0x0000000008005d90      0x220 ./CanOpenSTM32/CANopenNode_STM32/CO_SDOserver.o
 .text.readFromOd
                0x0000000008005fb0      0x18c ./CanOpenSTM32/CANopenNode_STM32/CO_SDOserver.o
 .text.CO_SDOserver_process
                0x000000000800613c      0xa2c ./CanOpenSTM32/CANopenNode_STM32/CO_SDOserver.o
                0x000000000800613c                CO_SDOserver_process
 .text.CO_getUint8
                0x0000000008006b68       0x1c ./CanOpenSTM32/CANopenNode_STM32/CO_SYNC.o
 .text.CO_getUint32
                0x0000000008006b84       0x1c ./CanOpenSTM32/CANopenNode_STM32/CO_SYNC.o
 .text.OD_getIndex
                0x0000000008006ba0       0x22 ./CanOpenSTM32/CANopenNode_STM32/CO_SYNC.o
 .text.OD_extension_init
                0x0000000008006bc2       0x28 ./CanOpenSTM32/CANopenNode_STM32/CO_SYNC.o
 .text.OD_get_u8
                0x0000000008006bea       0x2a ./CanOpenSTM32/CANopenNode_STM32/CO_SYNC.o
 .text.OD_get_u32
                0x0000000008006c14       0x2a ./CanOpenSTM32/CANopenNode_STM32/CO_SYNC.o
 .text.CO_SYNCsend
                0x0000000008006c3e       0x64 ./CanOpenSTM32/CANopenNode_STM32/CO_SYNC.o
 .text.CO_SYNC_receive
                0x0000000008006ca2       0x8c ./CanOpenSTM32/CANopenNode_STM32/CO_SYNC.o
 *fill*         0x0000000008006d2e        0x2 
 .text.OD_write_1005
                0x0000000008006d30      0x188 ./CanOpenSTM32/CANopenNode_STM32/CO_SYNC.o
 .text.OD_write_1019
                0x0000000008006eb8       0xbc ./CanOpenSTM32/CANopenNode_STM32/CO_SYNC.o
 .text.CO_SYNC_init
                0x0000000008006f74      0x24c ./CanOpenSTM32/CANopenNode_STM32/CO_SYNC.o
                0x0000000008006f74                CO_SYNC_init
 .text.CO_SYNC_process
                0x00000000080071c0      0x172 ./CanOpenSTM32/CANopenNode_STM32/CO_SYNC.o
                0x00000000080071c0                CO_SYNC_process
 .text.CO_getUint16
                0x0000000008007332       0x1e ./CanOpenSTM32/CANopenNode_STM32/CO_TIME.o
 .text.CO_getUint32
                0x0000000008007350       0x1c ./CanOpenSTM32/CANopenNode_STM32/CO_TIME.o
 .text.OD_getIndex
                0x000000000800736c       0x22 ./CanOpenSTM32/CANopenNode_STM32/CO_TIME.o
 .text.OD_extension_init
                0x000000000800738e       0x28 ./CanOpenSTM32/CANopenNode_STM32/CO_TIME.o
 .text.OD_get_u32
                0x00000000080073b6       0x2a ./CanOpenSTM32/CANopenNode_STM32/CO_TIME.o
 .text.CO_TIME_receive
                0x00000000080073e0       0x3a ./CanOpenSTM32/CANopenNode_STM32/CO_TIME.o
 *fill*         0x000000000800741a        0x2 
 .text.OD_write_1012
                0x000000000800741c       0xe4 ./CanOpenSTM32/CANopenNode_STM32/CO_TIME.o
 .text.CO_TIME_init
                0x0000000008007500      0x100 ./CanOpenSTM32/CANopenNode_STM32/CO_TIME.o
                0x0000000008007500                CO_TIME_init
 .text.CO_TIME_process
                0x0000000008007600       0xec ./CanOpenSTM32/CANopenNode_STM32/CO_TIME.o
                0x0000000008007600                CO_TIME_process
 .text.canopen_app_init
                0x00000000080076ec       0x68 ./CanOpenSTM32/CANopenNode_STM32/CO_app_STM32.o
                0x00000000080076ec                canopen_app_init
 .text.canopen_app_resetCommunication
                0x0000000008007754      0x23c ./CanOpenSTM32/CANopenNode_STM32/CO_app_STM32.o
                0x0000000008007754                canopen_app_resetCommunication
 .text.canopen_app_process
                0x0000000008007990       0xd8 ./CanOpenSTM32/CANopenNode_STM32/CO_app_STM32.o
                0x0000000008007990                canopen_app_process
 .text.canopen_app_interrupt
                0x0000000008007a68       0x84 ./CanOpenSTM32/CANopenNode_STM32/CO_app_STM32.o
                0x0000000008007a68                canopen_app_interrupt
 .text.CO_CANsetConfigurationMode
                0x0000000008007aec       0x20 ./CanOpenSTM32/CANopenNode_STM32/CO_driver_STM32.o
                0x0000000008007aec                CO_CANsetConfigurationMode
 .text.CO_CANsetNormalMode
                0x0000000008007b0c       0x30 ./CanOpenSTM32/CANopenNode_STM32/CO_driver_STM32.o
                0x0000000008007b0c                CO_CANsetNormalMode
 .text.CO_CANmodule_init
                0x0000000008007b3c      0x190 ./CanOpenSTM32/CANopenNode_STM32/CO_driver_STM32.o
                0x0000000008007b3c                CO_CANmodule_init
 .text.CO_CANmodule_disable
                0x0000000008007ccc       0x2a ./CanOpenSTM32/CANopenNode_STM32/CO_driver_STM32.o
                0x0000000008007ccc                CO_CANmodule_disable
 *fill*         0x0000000008007cf6        0x2 
 .text.CO_CANrxBufferInit
                0x0000000008007cf8       0xbc ./CanOpenSTM32/CANopenNode_STM32/CO_driver_STM32.o
                0x0000000008007cf8                CO_CANrxBufferInit
 .text.CO_CANtxBufferInit
                0x0000000008007db4       0x74 ./CanOpenSTM32/CANopenNode_STM32/CO_driver_STM32.o
                0x0000000008007db4                CO_CANtxBufferInit
 .text.prv_send_can_message
                0x0000000008007e28       0x80 ./CanOpenSTM32/CANopenNode_STM32/CO_driver_STM32.o
 .text.CO_CANsend
                0x0000000008007ea8       0x86 ./CanOpenSTM32/CANopenNode_STM32/CO_driver_STM32.o
                0x0000000008007ea8                CO_CANsend
 .text.CO_CANclearPendingSyncPDOs
                0x0000000008007f2e       0xcc ./CanOpenSTM32/CANopenNode_STM32/CO_driver_STM32.o
                0x0000000008007f2e                CO_CANclearPendingSyncPDOs
 .text.CO_CANmodule_process
                0x0000000008007ffa       0x90 ./CanOpenSTM32/CANopenNode_STM32/CO_driver_STM32.o
                0x0000000008007ffa                CO_CANmodule_process
 *fill*         0x000000000800808a        0x2 
 .text.prv_read_can_received_msg
                0x000000000800808c       0xd8 ./CanOpenSTM32/CANopenNode_STM32/CO_driver_STM32.o
 .text.HAL_CAN_RxFifo0MsgPendingCallback
                0x0000000008008164       0x1e ./CanOpenSTM32/CANopenNode_STM32/CO_driver_STM32.o
                0x0000000008008164                HAL_CAN_RxFifo0MsgPendingCallback
 .text.HAL_CAN_RxFifo1MsgPendingCallback
                0x0000000008008182       0x1a ./CanOpenSTM32/CANopenNode_STM32/CO_driver_STM32.o
                0x0000000008008182                HAL_CAN_RxFifo1MsgPendingCallback
 .text.CO_CANinterrupt_TX
                0x000000000800819c       0xa4 ./CanOpenSTM32/CANopenNode_STM32/CO_driver_STM32.o
                0x000000000800819c                CO_CANinterrupt_TX
 .text.HAL_CAN_TxMailbox0CompleteCallback
                0x0000000008008240       0x20 ./CanOpenSTM32/CANopenNode_STM32/CO_driver_STM32.o
                0x0000000008008240                HAL_CAN_TxMailbox0CompleteCallback
 .text.HAL_CAN_TxMailbox1CompleteCallback
                0x0000000008008260       0x20 ./CanOpenSTM32/CANopenNode_STM32/CO_driver_STM32.o
                0x0000000008008260                HAL_CAN_TxMailbox1CompleteCallback
 .text.HAL_CAN_TxMailbox2CompleteCallback
                0x0000000008008280       0x20 ./CanOpenSTM32/CANopenNode_STM32/CO_driver_STM32.o
                0x0000000008008280                HAL_CAN_TxMailbox2CompleteCallback
 .text.OD_set_u32
                0x00000000080082a0       0x2a ./Core/Src/main.o
 *fill*         0x00000000080082ca        0x2 
 .text.HAL_TIM_PeriodElapsedCallback
                0x00000000080082cc       0x38 ./Core/Src/main.o
                0x00000000080082cc                HAL_TIM_PeriodElapsedCallback
 .text.main     0x0000000008008304      0x158 ./Core/Src/main.o
                0x0000000008008304                main
 .text.SystemClock_Config
                0x000000000800845c       0xd8 ./Core/Src/main.o
                0x000000000800845c                SystemClock_Config
 .text.MX_CAN1_Init
                0x0000000008008534       0xa4 ./Core/Src/main.o
 .text.MX_TIM14_Init
                0x00000000080085d8       0x48 ./Core/Src/main.o
 .text.MX_USART2_UART_Init
                0x0000000008008620       0x54 ./Core/Src/main.o
 .text.MX_DMA_Init
                0x0000000008008674       0x40 ./Core/Src/main.o
 .text.MX_GPIO_Init
                0x00000000080086b4       0x9c ./Core/Src/main.o
 .text.spara_indietro_usart
                0x0000000008008750       0xb0 ./Core/Src/main.o
                0x0000000008008750                spara_indietro_usart
 .text.HAL_UART_RxCpltCallback
                0x0000000008008800      0x840 ./Core/Src/main.o
                0x0000000008008800                HAL_UART_RxCpltCallback
 .text.Error_Handler
                0x0000000008009040        0xa ./Core/Src/main.o
                0x0000000008009040                Error_Handler
 *fill*         0x000000000800904a        0x2 
 .text.HAL_MspInit
                0x000000000800904c       0x7c ./Core/Src/stm32f4xx_hal_msp.o
                0x000000000800904c                HAL_MspInit
 .text.HAL_CAN_MspInit
                0x00000000080090c8       0xa0 ./Core/Src/stm32f4xx_hal_msp.o
                0x00000000080090c8                HAL_CAN_MspInit
 .text.HAL_TIM_Base_MspInit
                0x0000000008009168       0x50 ./Core/Src/stm32f4xx_hal_msp.o
                0x0000000008009168                HAL_TIM_Base_MspInit
 .text.HAL_UART_MspInit
                0x00000000080091b8      0x108 ./Core/Src/stm32f4xx_hal_msp.o
                0x00000000080091b8                HAL_UART_MspInit
 .text.NMI_Handler
                0x00000000080092c0        0x6 ./Core/Src/stm32f4xx_it.o
                0x00000000080092c0                NMI_Handler
 .text.HardFault_Handler
                0x00000000080092c6        0x6 ./Core/Src/stm32f4xx_it.o
                0x00000000080092c6                HardFault_Handler
 .text.MemManage_Handler
                0x00000000080092cc        0x6 ./Core/Src/stm32f4xx_it.o
                0x00000000080092cc                MemManage_Handler
 .text.BusFault_Handler
                0x00000000080092d2        0x6 ./Core/Src/stm32f4xx_it.o
                0x00000000080092d2                BusFault_Handler
 .text.UsageFault_Handler
                0x00000000080092d8        0x6 ./Core/Src/stm32f4xx_it.o
                0x00000000080092d8                UsageFault_Handler
 .text.SVC_Handler
                0x00000000080092de        0xe ./Core/Src/stm32f4xx_it.o
                0x00000000080092de                SVC_Handler
 .text.DebugMon_Handler
                0x00000000080092ec        0xe ./Core/Src/stm32f4xx_it.o
                0x00000000080092ec                DebugMon_Handler
 .text.PendSV_Handler
                0x00000000080092fa        0xe ./Core/Src/stm32f4xx_it.o
                0x00000000080092fa                PendSV_Handler
 .text.SysTick_Handler
                0x0000000008009308        0xc ./Core/Src/stm32f4xx_it.o
                0x0000000008009308                SysTick_Handler
 .text.PVD_IRQHandler
                0x0000000008009314        0xc ./Core/Src/stm32f4xx_it.o
                0x0000000008009314                PVD_IRQHandler
 .text.FLASH_IRQHandler
                0x0000000008009320        0xc ./Core/Src/stm32f4xx_it.o
                0x0000000008009320                FLASH_IRQHandler
 .text.RCC_IRQHandler
                0x000000000800932c        0xe ./Core/Src/stm32f4xx_it.o
                0x000000000800932c                RCC_IRQHandler
 *fill*         0x000000000800933a        0x2 
 .text.DMA1_Stream5_IRQHandler
                0x000000000800933c       0x14 ./Core/Src/stm32f4xx_it.o
                0x000000000800933c                DMA1_Stream5_IRQHandler
 .text.CAN1_RX0_IRQHandler
                0x0000000008009350       0x14 ./Core/Src/stm32f4xx_it.o
                0x0000000008009350                CAN1_RX0_IRQHandler
 .text.USART2_IRQHandler
                0x0000000008009364       0x14 ./Core/Src/stm32f4xx_it.o
                0x0000000008009364                USART2_IRQHandler
 .text.TIM8_TRG_COM_TIM14_IRQHandler
                0x0000000008009378       0x14 ./Core/Src/stm32f4xx_it.o
                0x0000000008009378                TIM8_TRG_COM_TIM14_IRQHandler
 .text._read    0x000000000800938c       0x3a ./Core/Src/syscalls.o
                0x000000000800938c                _read
 .text._write   0x00000000080093c6       0x38 ./Core/Src/syscalls.o
                0x00000000080093c6                _write
 .text._close   0x00000000080093fe       0x18 ./Core/Src/syscalls.o
                0x00000000080093fe                _close
 .text._fstat   0x0000000008009416       0x20 ./Core/Src/syscalls.o
                0x0000000008009416                _fstat
 .text._isatty  0x0000000008009436       0x16 ./Core/Src/syscalls.o
                0x0000000008009436                _isatty
 .text._lseek   0x000000000800944c       0x1a ./Core/Src/syscalls.o
                0x000000000800944c                _lseek
 *fill*         0x0000000008009466        0x2 
 .text._sbrk    0x0000000008009468       0x6c ./Core/Src/sysmem.o
                0x0000000008009468                _sbrk
 .text.SystemInit
                0x00000000080094d4       0x24 ./Core/Src/system_stm32f4xx.o
                0x00000000080094d4                SystemInit
 .text.Reset_Handler
                0x00000000080094f8       0x50 ./Core/Startup/startup_stm32f446retx.o
                0x00000000080094f8                Reset_Handler
 .text.Default_Handler
                0x0000000008009548        0x2 ./Core/Startup/startup_stm32f446retx.o
                0x0000000008009548                RTC_Alarm_IRQHandler
                0x0000000008009548                EXTI2_IRQHandler
                0x0000000008009548                TIM8_CC_IRQHandler
                0x0000000008009548                FMPI2C1_EV_IRQHandler
                0x0000000008009548                SPI4_IRQHandler
                0x0000000008009548                TIM1_CC_IRQHandler
                0x0000000008009548                DMA2_Stream5_IRQHandler
                0x0000000008009548                SDIO_IRQHandler
                0x0000000008009548                TAMP_STAMP_IRQHandler
                0x0000000008009548                CAN2_RX1_IRQHandler
                0x0000000008009548                EXTI3_IRQHandler
                0x0000000008009548                TIM1_UP_TIM10_IRQHandler
                0x0000000008009548                TIM8_UP_TIM13_IRQHandler
                0x0000000008009548                I2C3_ER_IRQHandler
                0x0000000008009548                EXTI0_IRQHandler
                0x0000000008009548                I2C2_EV_IRQHandler
                0x0000000008009548                DMA1_Stream2_IRQHandler
                0x0000000008009548                FPU_IRQHandler
                0x0000000008009548                OTG_HS_WKUP_IRQHandler
                0x0000000008009548                CAN2_SCE_IRQHandler
                0x0000000008009548                DMA2_Stream2_IRQHandler
                0x0000000008009548                SPI1_IRQHandler
                0x0000000008009548                TIM6_DAC_IRQHandler
                0x0000000008009548                TIM1_BRK_TIM9_IRQHandler
                0x0000000008009548                DCMI_IRQHandler
                0x0000000008009548                CAN2_RX0_IRQHandler
                0x0000000008009548                DMA2_Stream3_IRQHandler
                0x0000000008009548                SAI2_IRQHandler
                0x0000000008009548                USART6_IRQHandler
                0x0000000008009548                USART3_IRQHandler
                0x0000000008009548                CAN1_RX1_IRQHandler
                0x0000000008009548                UART5_IRQHandler
                0x0000000008009548                DMA2_Stream0_IRQHandler
                0x0000000008009548                TIM4_IRQHandler
                0x0000000008009548                QUADSPI_IRQHandler
                0x0000000008009548                I2C1_EV_IRQHandler
                0x0000000008009548                DMA1_Stream6_IRQHandler
                0x0000000008009548                DMA1_Stream1_IRQHandler
                0x0000000008009548                UART4_IRQHandler
                0x0000000008009548                TIM3_IRQHandler
                0x0000000008009548                TIM8_BRK_TIM12_IRQHandler
                0x0000000008009548                Default_Handler
                0x0000000008009548                CEC_IRQHandler
                0x0000000008009548                EXTI15_10_IRQHandler
                0x0000000008009548                ADC_IRQHandler
                0x0000000008009548                DMA1_Stream7_IRQHandler
                0x0000000008009548                TIM7_IRQHandler
                0x0000000008009548                CAN2_TX_IRQHandler
                0x0000000008009548                TIM5_IRQHandler
                0x0000000008009548                DMA2_Stream7_IRQHandler
                0x0000000008009548                I2C3_EV_IRQHandler
                0x0000000008009548                EXTI9_5_IRQHandler
                0x0000000008009548                RTC_WKUP_IRQHandler
                0x0000000008009548                SPDIF_RX_IRQHandler
                0x0000000008009548                SPI2_IRQHandler
                0x0000000008009548                OTG_HS_EP1_IN_IRQHandler
                0x0000000008009548                DMA1_Stream0_IRQHandler
                0x0000000008009548                CAN1_TX_IRQHandler
                0x0000000008009548                FMPI2C1_ER_IRQHandler
                0x0000000008009548                EXTI4_IRQHandler
                0x0000000008009548                OTG_HS_EP1_OUT_IRQHandler
                0x0000000008009548                WWDG_IRQHandler
                0x0000000008009548                TIM2_IRQHandler
                0x0000000008009548                OTG_FS_WKUP_IRQHandler
                0x0000000008009548                TIM1_TRG_COM_TIM11_IRQHandler
                0x0000000008009548                OTG_HS_IRQHandler
                0x0000000008009548                EXTI1_IRQHandler
                0x0000000008009548                I2C2_ER_IRQHandler
                0x0000000008009548                DMA2_Stream1_IRQHandler
                0x0000000008009548                CAN1_SCE_IRQHandler
                0x0000000008009548                DMA2_Stream4_IRQHandler
                0x0000000008009548                USART1_IRQHandler
                0x0000000008009548                OTG_FS_IRQHandler
                0x0000000008009548                SPI3_IRQHandler
                0x0000000008009548                DMA1_Stream4_IRQHandler
                0x0000000008009548                I2C1_ER_IRQHandler
                0x0000000008009548                FMC_IRQHandler
                0x0000000008009548                DMA2_Stream6_IRQHandler
                0x0000000008009548                SAI1_IRQHandler
                0x0000000008009548                DMA1_Stream3_IRQHandler
 *fill*         0x000000000800954a        0x2 
 .text.HAL_Init
                0x000000000800954c       0x44 ./Drivers/STM32F4xx_HAL_Driver/Src/stm32f4xx_hal.o
                0x000000000800954c                HAL_Init
 .text.HAL_InitTick
                0x0000000008009590       0x60 ./Drivers/STM32F4xx_HAL_Driver/Src/stm32f4xx_hal.o
                0x0000000008009590                HAL_InitTick
 .text.HAL_IncTick
                0x00000000080095f0       0x28 ./Drivers/STM32F4xx_HAL_Driver/Src/stm32f4xx_hal.o
                0x00000000080095f0                HAL_IncTick
 .text.HAL_GetTick
                0x0000000008009618       0x18 ./Drivers/STM32F4xx_HAL_Driver/Src/stm32f4xx_hal.o
                0x0000000008009618                HAL_GetTick
 .text.HAL_CAN_Init
                0x0000000008009630      0x1f6 ./Drivers/STM32F4xx_HAL_Driver/Src/stm32f4xx_hal_can.o
                0x0000000008009630                HAL_CAN_Init
 *fill*         0x0000000008009826        0x2 
 .text.HAL_CAN_ConfigFilter
                0x0000000008009828      0x1c0 ./Drivers/STM32F4xx_HAL_Driver/Src/stm32f4xx_hal_can.o
                0x0000000008009828                HAL_CAN_ConfigFilter
 .text.HAL_CAN_Start
                0x00000000080099e8       0x88 ./Drivers/STM32F4xx_HAL_Driver/Src/stm32f4xx_hal_can.o
                0x00000000080099e8                HAL_CAN_Start
 .text.HAL_CAN_Stop
                0x0000000008009a70       0x92 ./Drivers/STM32F4xx_HAL_Driver/Src/stm32f4xx_hal_can.o
                0x0000000008009a70                HAL_CAN_Stop
 .text.HAL_CAN_AddTxMessage
                0x0000000008009b02      0x1a0 ./Drivers/STM32F4xx_HAL_Driver/Src/stm32f4xx_hal_can.o
                0x0000000008009b02                HAL_CAN_AddTxMessage
 .text.HAL_CAN_GetTxMailboxesFreeLevel
                0x0000000008009ca2       0x6a ./Drivers/STM32F4xx_HAL_Driver/Src/stm32f4xx_hal_can.o
                0x0000000008009ca2                HAL_CAN_GetTxMailboxesFreeLevel
 .text.HAL_CAN_GetRxMessage
                0x0000000008009d0c      0x244 ./Drivers/STM32F4xx_HAL_Driver/Src/stm32f4xx_hal_can.o
                0x0000000008009d0c                HAL_CAN_GetRxMessage
 .text.HAL_CAN_ActivateNotification
                0x0000000008009f50       0x4c ./Drivers/STM32F4xx_HAL_Driver/Src/stm32f4xx_hal_can.o
                0x0000000008009f50                HAL_CAN_ActivateNotification
 .text.HAL_CAN_IRQHandler
                0x0000000008009f9c      0x36e ./Drivers/STM32F4xx_HAL_Driver/Src/stm32f4xx_hal_can.o
                0x0000000008009f9c                HAL_CAN_IRQHandler
 .text.HAL_CAN_TxMailbox0AbortCallback
                0x000000000800a30a       0x14 ./Drivers/STM32F4xx_HAL_Driver/Src/stm32f4xx_hal_can.o
                0x000000000800a30a                HAL_CAN_TxMailbox0AbortCallback
 .text.HAL_CAN_TxMailbox1AbortCallback
                0x000000000800a31e       0x14 ./Drivers/STM32F4xx_HAL_Driver/Src/stm32f4xx_hal_can.o
                0x000000000800a31e                HAL_CAN_TxMailbox1AbortCallback
 .text.HAL_CAN_TxMailbox2AbortCallback
                0x000000000800a332       0x14 ./Drivers/STM32F4xx_HAL_Driver/Src/stm32f4xx_hal_can.o
                0x000000000800a332                HAL_CAN_TxMailbox2AbortCallback
 .text.HAL_CAN_RxFifo0FullCallback
                0x000000000800a346       0x14 ./Drivers/STM32F4xx_HAL_Driver/Src/stm32f4xx_hal_can.o
                0x000000000800a346                HAL_CAN_RxFifo0FullCallback
 .text.HAL_CAN_RxFifo1FullCallback
                0x000000000800a35a       0x14 ./Drivers/STM32F4xx_HAL_Driver/Src/stm32f4xx_hal_can.o
                0x000000000800a35a                HAL_CAN_RxFifo1FullCallback
 .text.HAL_CAN_SleepCallback
                0x000000000800a36e       0x14 ./Drivers/STM32F4xx_HAL_Driver/Src/stm32f4xx_hal_can.o
                0x000000000800a36e                HAL_CAN_SleepCallback
 .text.HAL_CAN_WakeUpFromRxMsgCallback
                0x000000000800a382       0x14 ./Drivers/STM32F4xx_HAL_Driver/Src/stm32f4xx_hal_can.o
                0x000000000800a382                HAL_CAN_WakeUpFromRxMsgCallback
 .text.HAL_CAN_ErrorCallback
                0x000000000800a396       0x14 ./Drivers/STM32F4xx_HAL_Driver/Src/stm32f4xx_hal_can.o
                0x000000000800a396                HAL_CAN_ErrorCallback
 *fill*         0x000000000800a3aa        0x2 
 .text.__NVIC_SetPriorityGrouping
                0x000000000800a3ac       0x48 ./Drivers/STM32F4xx_HAL_Driver/Src/stm32f4xx_hal_cortex.o
 .text.__NVIC_GetPriorityGrouping
                0x000000000800a3f4       0x1c ./Drivers/STM32F4xx_HAL_Driver/Src/stm32f4xx_hal_cortex.o
 .text.__NVIC_EnableIRQ
                0x000000000800a410       0x3c ./Drivers/STM32F4xx_HAL_Driver/Src/stm32f4xx_hal_cortex.o
 .text.__NVIC_SetPriority
                0x000000000800a44c       0x54 ./Drivers/STM32F4xx_HAL_Driver/Src/stm32f4xx_hal_cortex.o
 .text.NVIC_EncodePriority
                0x000000000800a4a0       0x66 ./Drivers/STM32F4xx_HAL_Driver/Src/stm32f4xx_hal_cortex.o
 *fill*         0x000000000800a506        0x2 
 .text.__NVIC_SystemReset
                0x000000000800a508       0x2c ./Drivers/STM32F4xx_HAL_Driver/Src/stm32f4xx_hal_cortex.o
 .text.SysTick_Config
                0x000000000800a534       0x44 ./Drivers/STM32F4xx_HAL_Driver/Src/stm32f4xx_hal_cortex.o
 .text.HAL_NVIC_SetPriorityGrouping
                0x000000000800a578       0x16 ./Drivers/STM32F4xx_HAL_Driver/Src/stm32f4xx_hal_cortex.o
                0x000000000800a578                HAL_NVIC_SetPriorityGrouping
 .text.HAL_NVIC_SetPriority
                0x000000000800a58e       0x38 ./Drivers/STM32F4xx_HAL_Driver/Src/stm32f4xx_hal_cortex.o
                0x000000000800a58e                HAL_NVIC_SetPriority
 .text.HAL_NVIC_EnableIRQ
                0x000000000800a5c6       0x1c ./Drivers/STM32F4xx_HAL_Driver/Src/stm32f4xx_hal_cortex.o
                0x000000000800a5c6                HAL_NVIC_EnableIRQ
 .text.HAL_NVIC_SystemReset
                0x000000000800a5e2        0x8 ./Drivers/STM32F4xx_HAL_Driver/Src/stm32f4xx_hal_cortex.o
                0x000000000800a5e2                HAL_NVIC_SystemReset
 .text.HAL_SYSTICK_Config
                0x000000000800a5ea       0x18 ./Drivers/STM32F4xx_HAL_Driver/Src/stm32f4xx_hal_cortex.o
                0x000000000800a5ea                HAL_SYSTICK_Config
 *fill*         0x000000000800a602        0x2 
 .text.HAL_DMA_Init
                0x000000000800a604      0x15c ./Drivers/STM32F4xx_HAL_Driver/Src/stm32f4xx_hal_dma.o
                0x000000000800a604                HAL_DMA_Init
 .text.HAL_DMA_Start_IT
                0x000000000800a760       0xb0 ./Drivers/STM32F4xx_HAL_Driver/Src/stm32f4xx_hal_dma.o
                0x000000000800a760                HAL_DMA_Start_IT
 .text.HAL_DMA_Abort
                0x000000000800a810       0xe0 ./Drivers/STM32F4xx_HAL_Driver/Src/stm32f4xx_hal_dma.o
                0x000000000800a810                HAL_DMA_Abort
 .text.HAL_DMA_Abort_IT
                0x000000000800a8f0       0x44 ./Drivers/STM32F4xx_HAL_Driver/Src/stm32f4xx_hal_dma.o
                0x000000000800a8f0                HAL_DMA_Abort_IT
 .text.HAL_DMA_IRQHandler
                0x000000000800a934      0x314 ./Drivers/STM32F4xx_HAL_Driver/Src/stm32f4xx_hal_dma.o
                0x000000000800a934                HAL_DMA_IRQHandler
 .text.DMA_SetConfig
                0x000000000800ac48       0x5c ./Drivers/STM32F4xx_HAL_Driver/Src/stm32f4xx_hal_dma.o
 .text.DMA_CalcBaseAndBitshift
                0x000000000800aca4       0x6c ./Drivers/STM32F4xx_HAL_Driver/Src/stm32f4xx_hal_dma.o
 .text.DMA_CheckFifoParam
                0x000000000800ad10       0xf8 ./Drivers/STM32F4xx_HAL_Driver/Src/stm32f4xx_hal_dma.o
 .text.HAL_FLASH_IRQHandler
                0x000000000800ae08      0x140 ./Drivers/STM32F4xx_HAL_Driver/Src/stm32f4xx_hal_flash.o
                0x000000000800ae08                HAL_FLASH_IRQHandler
 .text.HAL_FLASH_EndOfOperationCallback
                0x000000000800af48       0x14 ./Drivers/STM32F4xx_HAL_Driver/Src/stm32f4xx_hal_flash.o
                0x000000000800af48                HAL_FLASH_EndOfOperationCallback
 .text.HAL_FLASH_OperationErrorCallback
                0x000000000800af5c       0x14 ./Drivers/STM32F4xx_HAL_Driver/Src/stm32f4xx_hal_flash.o
                0x000000000800af5c                HAL_FLASH_OperationErrorCallback
 .text.FLASH_SetErrorCode
                0x000000000800af70       0xcc ./Drivers/STM32F4xx_HAL_Driver/Src/stm32f4xx_hal_flash.o
 .text.FLASH_Erase_Sector
                0x000000000800b03c       0x90 ./Drivers/STM32F4xx_HAL_Driver/Src/stm32f4xx_hal_flash_ex.o
                0x000000000800b03c                FLASH_Erase_Sector
 .text.FLASH_FlushCaches
                0x000000000800b0cc       0x8c ./Drivers/STM32F4xx_HAL_Driver/Src/stm32f4xx_hal_flash_ex.o
                0x000000000800b0cc                FLASH_FlushCaches
 .text.HAL_GPIO_Init
                0x000000000800b158      0x328 ./Drivers/STM32F4xx_HAL_Driver/Src/stm32f4xx_hal_gpio.o
                0x000000000800b158                HAL_GPIO_Init
 .text.HAL_PWR_PVD_IRQHandler
                0x000000000800b480       0x24 ./Drivers/STM32F4xx_HAL_Driver/Src/stm32f4xx_hal_pwr.o
                0x000000000800b480                HAL_PWR_PVD_IRQHandler
 .text.HAL_PWR_PVDCallback
                0x000000000800b4a4        0xe ./Drivers/STM32F4xx_HAL_Driver/Src/stm32f4xx_hal_pwr.o
                0x000000000800b4a4                HAL_PWR_PVDCallback
 *fill*         0x000000000800b4b2        0x2 
 .text.HAL_RCC_ClockConfig
                0x000000000800b4b4      0x1cc ./Drivers/STM32F4xx_HAL_Driver/Src/stm32f4xx_hal_rcc.o
                0x000000000800b4b4                HAL_RCC_ClockConfig
 .text.HAL_RCC_GetHCLKFreq
                0x000000000800b680       0x18 ./Drivers/STM32F4xx_HAL_Driver/Src/stm32f4xx_hal_rcc.o
                0x000000000800b680                HAL_RCC_GetHCLKFreq
 .text.HAL_RCC_GetPCLK1Freq
                0x000000000800b698       0x28 ./Drivers/STM32F4xx_HAL_Driver/Src/stm32f4xx_hal_rcc.o
                0x000000000800b698                HAL_RCC_GetPCLK1Freq
 .text.HAL_RCC_GetPCLK2Freq
                0x000000000800b6c0       0x28 ./Drivers/STM32F4xx_HAL_Driver/Src/stm32f4xx_hal_rcc.o
                0x000000000800b6c0                HAL_RCC_GetPCLK2Freq
 .text.HAL_RCC_GetSysClockFreq
                0x000000000800b6e8      0x354 ./Drivers/STM32F4xx_HAL_Driver/Src/stm32f4xx_hal_rcc_ex.o
                0x000000000800b6e8                HAL_RCC_GetSysClockFreq
 .text.HAL_RCC_OscConfig
                0x000000000800ba3c      0x53c ./Drivers/STM32F4xx_HAL_Driver/Src/stm32f4xx_hal_rcc_ex.o
                0x000000000800ba3c                HAL_RCC_OscConfig
 .text.HAL_TIM_Base_Init
                0x000000000800bf78       0x9e ./Drivers/STM32F4xx_HAL_Driver/Src/stm32f4xx_hal_tim.o
                0x000000000800bf78                HAL_TIM_Base_Init
 *fill*         0x000000000800c016        0x2 
 .text.HAL_TIM_Base_Start_IT
                0x000000000800c018       0xe0 ./Drivers/STM32F4xx_HAL_Driver/Src/stm32f4xx_hal_tim.o
                0x000000000800c018                HAL_TIM_Base_Start_IT
 .text.HAL_TIM_Base_Stop_IT
                0x000000000800c0f8       0x5e ./Drivers/STM32F4xx_HAL_Driver/Src/stm32f4xx_hal_tim.o
                0x000000000800c0f8                HAL_TIM_Base_Stop_IT
 .text.HAL_TIM_IRQHandler
                0x000000000800c156      0x1e0 ./Drivers/STM32F4xx_HAL_Driver/Src/stm32f4xx_hal_tim.o
                0x000000000800c156                HAL_TIM_IRQHandler
 .text.HAL_TIM_OC_DelayElapsedCallback
                0x000000000800c336       0x14 ./Drivers/STM32F4xx_HAL_Driver/Src/stm32f4xx_hal_tim.o
                0x000000000800c336                HAL_TIM_OC_DelayElapsedCallback
 .text.HAL_TIM_IC_CaptureCallback
                0x000000000800c34a       0x14 ./Drivers/STM32F4xx_HAL_Driver/Src/stm32f4xx_hal_tim.o
                0x000000000800c34a                HAL_TIM_IC_CaptureCallback
 .text.HAL_TIM_PWM_PulseFinishedCallback
                0x000000000800c35e       0x14 ./Drivers/STM32F4xx_HAL_Driver/Src/stm32f4xx_hal_tim.o
                0x000000000800c35e                HAL_TIM_PWM_PulseFinishedCallback
 .text.HAL_TIM_TriggerCallback
                0x000000000800c372       0x14 ./Drivers/STM32F4xx_HAL_Driver/Src/stm32f4xx_hal_tim.o
                0x000000000800c372                HAL_TIM_TriggerCallback
 *fill*         0x000000000800c386        0x2 
 .text.TIM_Base_SetConfig
                0x000000000800c388      0x158 ./Drivers/STM32F4xx_HAL_Driver/Src/stm32f4xx_hal_tim.o
                0x000000000800c388                TIM_Base_SetConfig
 .text.HAL_TIMEx_CommutCallback
                0x000000000800c4e0       0x14 ./Drivers/STM32F4xx_HAL_Driver/Src/stm32f4xx_hal_tim_ex.o
                0x000000000800c4e0                HAL_TIMEx_CommutCallback
 .text.HAL_TIMEx_BreakCallback
                0x000000000800c4f4       0x14 ./Drivers/STM32F4xx_HAL_Driver/Src/stm32f4xx_hal_tim_ex.o
                0x000000000800c4f4                HAL_TIMEx_BreakCallback
 .text.HAL_UART_Init
                0x000000000800c508       0xa0 ./Drivers/STM32F4xx_HAL_Driver/Src/stm32f4xx_hal_uart.o
                0x000000000800c508                HAL_UART_Init
 .text.HAL_UART_Transmit
                0x000000000800c5a8      0x116 ./Drivers/STM32F4xx_HAL_Driver/Src/stm32f4xx_hal_uart.o
                0x000000000800c5a8                HAL_UART_Transmit
 .text.HAL_UART_Receive_IT
                0x000000000800c6be       0x4a ./Drivers/STM32F4xx_HAL_Driver/Src/stm32f4xx_hal_uart.o
                0x000000000800c6be                HAL_UART_Receive_IT
 .text.HAL_UART_Receive_DMA
                0x000000000800c708       0x4a ./Drivers/STM32F4xx_HAL_Driver/Src/stm32f4xx_hal_uart.o
                0x000000000800c708                HAL_UART_Receive_DMA
 *fill*         0x000000000800c752        0x2 
 .text.HAL_UART_IRQHandler
                0x000000000800c754      0x524 ./Drivers/STM32F4xx_HAL_Driver/Src/stm32f4xx_hal_uart.o
                0x000000000800c754                HAL_UART_IRQHandler
 .text.HAL_UART_TxCpltCallback
                0x000000000800cc78       0x14 ./Drivers/STM32F4xx_HAL_Driver/Src/stm32f4xx_hal_uart.o
                0x000000000800cc78                HAL_UART_TxCpltCallback
 .text.HAL_UART_RxHalfCpltCallback
                0x000000000800cc8c       0x14 ./Drivers/STM32F4xx_HAL_Driver/Src/stm32f4xx_hal_uart.o
                0x000000000800cc8c                HAL_UART_RxHalfCpltCallback
 .text.HAL_UART_ErrorCallback
                0x000000000800cca0       0x14 ./Drivers/STM32F4xx_HAL_Driver/Src/stm32f4xx_hal_uart.o
                0x000000000800cca0                HAL_UART_ErrorCallback
 .text.HAL_UARTEx_RxEventCallback
                0x000000000800ccb4       0x18 ./Drivers/STM32F4xx_HAL_Driver/Src/stm32f4xx_hal_uart.o
                0x000000000800ccb4                HAL_UARTEx_RxEventCallback
 .text.UART_DMAReceiveCplt
                0x000000000800cccc      0x12c ./Drivers/STM32F4xx_HAL_Driver/Src/stm32f4xx_hal_uart.o
 .text.UART_DMARxHalfCplt
                0x000000000800cdf8       0x3c ./Drivers/STM32F4xx_HAL_Driver/Src/stm32f4xx_hal_uart.o
 .text.UART_DMAError
                0x000000000800ce34       0x94 ./Drivers/STM32F4xx_HAL_Driver/Src/stm32f4xx_hal_uart.o
 .text.UART_WaitOnFlagUntilTimeout
                0x000000000800cec8       0xb2 ./Drivers/STM32F4xx_HAL_Driver/Src/stm32f4xx_hal_uart.o
 .text.UART_Start_Receive_IT
                0x000000000800cf7a       0x74 ./Drivers/STM32F4xx_HAL_Driver/Src/stm32f4xx_hal_uart.o
                0x000000000800cf7a                UART_Start_Receive_IT
 *fill*         0x000000000800cfee        0x2 
 .text.UART_Start_Receive_DMA
                0x000000000800cff0      0x134 ./Drivers/STM32F4xx_HAL_Driver/Src/stm32f4xx_hal_uart.o
                0x000000000800cff0                UART_Start_Receive_DMA
 .text.UART_EndTxTransfer
                0x000000000800d124       0x50 ./Drivers/STM32F4xx_HAL_Driver/Src/stm32f4xx_hal_uart.o
 .text.UART_EndRxTransfer
                0x000000000800d174       0xc6 ./Drivers/STM32F4xx_HAL_Driver/Src/stm32f4xx_hal_uart.o
 .text.UART_DMAAbortOnError
                0x000000000800d23a       0x28 ./Drivers/STM32F4xx_HAL_Driver/Src/stm32f4xx_hal_uart.o
 .text.UART_Transmit_IT
                0x000000000800d262       0xa0 ./Drivers/STM32F4xx_HAL_Driver/Src/stm32f4xx_hal_uart.o
 .text.UART_EndTransmit_IT
                0x000000000800d302       0x30 ./Drivers/STM32F4xx_HAL_Driver/Src/stm32f4xx_hal_uart.o
 .text.UART_Receive_IT
                0x000000000800d332      0x17c ./Drivers/STM32F4xx_HAL_Driver/Src/stm32f4xx_hal_uart.o
 *fill*         0x000000000800d4ae        0x2 
 .text.UART_SetConfig
                0x000000000800d4b0      0x4e8 ./Drivers/STM32F4xx_HAL_Driver/Src/stm32f4xx_hal_uart.o
 .text.calloc   0x000000000800d998       0x10 C:/Program Files/STM32CubeIDE_1.14.0/STM32CubeIDE/plugins/com.st.stm32cube.ide.mcu.externaltools.gnu-tools-for-stm32.11.3.rel1.win32_1.1.100.202309141235/tools/bin/../lib/gcc/arm-none-eabi/11.3.1/../../../../arm-none-eabi/lib/thumb/v7e-m+fp/hard\libc_nano.a(libc_a-calloc.o)
                0x000000000800d998                calloc
 .text._calloc_r
                0x000000000800d9a8       0x2c C:/Program Files/STM32CubeIDE_1.14.0/STM32CubeIDE/plugins/com.st.stm32cube.ide.mcu.externaltools.gnu-tools-for-stm32.11.3.rel1.win32_1.1.100.202309141235/tools/bin/../lib/gcc/arm-none-eabi/11.3.1/../../../../arm-none-eabi/lib/thumb/v7e-m+fp/hard\libc_nano.a(libc_a-callocr.o)
                0x000000000800d9a8                _calloc_r
 .text.free     0x000000000800d9d4       0x10 C:/Program Files/STM32CubeIDE_1.14.0/STM32CubeIDE/plugins/com.st.stm32cube.ide.mcu.externaltools.gnu-tools-for-stm32.11.3.rel1.win32_1.1.100.202309141235/tools/bin/../lib/gcc/arm-none-eabi/11.3.1/../../../../arm-none-eabi/lib/thumb/v7e-m+fp/hard\libc_nano.a(libc_a-malloc.o)
                0x000000000800d9d4                free
 .text.sbrk_aligned
                0x000000000800d9e4       0x40 C:/Program Files/STM32CubeIDE_1.14.0/STM32CubeIDE/plugins/com.st.stm32cube.ide.mcu.externaltools.gnu-tools-for-stm32.11.3.rel1.win32_1.1.100.202309141235/tools/bin/../lib/gcc/arm-none-eabi/11.3.1/../../../../arm-none-eabi/lib/thumb/v7e-m+fp/hard\libc_nano.a(libc_a-mallocr.o)
 .text._malloc_r
                0x000000000800da24      0x100 C:/Program Files/STM32CubeIDE_1.14.0/STM32CubeIDE/plugins/com.st.stm32cube.ide.mcu.externaltools.gnu-tools-for-stm32.11.3.rel1.win32_1.1.100.202309141235/tools/bin/../lib/gcc/arm-none-eabi/11.3.1/../../../../arm-none-eabi/lib/thumb/v7e-m+fp/hard\libc_nano.a(libc_a-mallocr.o)
                0x000000000800da24                _malloc_r
 .text.__malloc_lock
                0x000000000800db24        0xc C:/Program Files/STM32CubeIDE_1.14.0/STM32CubeIDE/plugins/com.st.stm32cube.ide.mcu.externaltools.gnu-tools-for-stm32.11.3.rel1.win32_1.1.100.202309141235/tools/bin/../lib/gcc/arm-none-eabi/11.3.1/../../../../arm-none-eabi/lib/thumb/v7e-m+fp/hard\libc_nano.a(libc_a-mlock.o)
                0x000000000800db24                __malloc_lock
 .text.__malloc_unlock
                0x000000000800db30        0xc C:/Program Files/STM32CubeIDE_1.14.0/STM32CubeIDE/plugins/com.st.stm32cube.ide.mcu.externaltools.gnu-tools-for-stm32.11.3.rel1.win32_1.1.100.202309141235/tools/bin/../lib/gcc/arm-none-eabi/11.3.1/../../../../arm-none-eabi/lib/thumb/v7e-m+fp/hard\libc_nano.a(libc_a-mlock.o)
                0x000000000800db30                __malloc_unlock
 .text.__sflush_r
                0x000000000800db3c      0x10c C:/Program Files/STM32CubeIDE_1.14.0/STM32CubeIDE/plugins/com.st.stm32cube.ide.mcu.externaltools.gnu-tools-for-stm32.11.3.rel1.win32_1.1.100.202309141235/tools/bin/../lib/gcc/arm-none-eabi/11.3.1/../../../../arm-none-eabi/lib/thumb/v7e-m+fp/hard\libc_nano.a(libc_a-fflush.o)
                0x000000000800db3c                __sflush_r
 .text._fflush_r
                0x000000000800dc48       0x50 C:/Program Files/STM32CubeIDE_1.14.0/STM32CubeIDE/plugins/com.st.stm32cube.ide.mcu.externaltools.gnu-tools-for-stm32.11.3.rel1.win32_1.1.100.202309141235/tools/bin/../lib/gcc/arm-none-eabi/11.3.1/../../../../arm-none-eabi/lib/thumb/v7e-m+fp/hard\libc_nano.a(libc_a-fflush.o)
                0x000000000800dc48                _fflush_r
 .text.fflush   0x000000000800dc98       0x28 C:/Program Files/STM32CubeIDE_1.14.0/STM32CubeIDE/plugins/com.st.stm32cube.ide.mcu.externaltools.gnu-tools-for-stm32.11.3.rel1.win32_1.1.100.202309141235/tools/bin/../lib/gcc/arm-none-eabi/11.3.1/../../../../arm-none-eabi/lib/thumb/v7e-m+fp/hard\libc_nano.a(libc_a-fflush.o)
                0x000000000800dc98                fflush
 .text.std      0x000000000800dcc0       0x6c C:/Program Files/STM32CubeIDE_1.14.0/STM32CubeIDE/plugins/com.st.stm32cube.ide.mcu.externaltools.gnu-tools-for-stm32.11.3.rel1.win32_1.1.100.202309141235/tools/bin/../lib/gcc/arm-none-eabi/11.3.1/../../../../arm-none-eabi/lib/thumb/v7e-m+fp/hard\libc_nano.a(libc_a-findfp.o)
 .text.stdio_exit_handler
                0x000000000800dd2c       0x18 C:/Program Files/STM32CubeIDE_1.14.0/STM32CubeIDE/plugins/com.st.stm32cube.ide.mcu.externaltools.gnu-tools-for-stm32.11.3.rel1.win32_1.1.100.202309141235/tools/bin/../lib/gcc/arm-none-eabi/11.3.1/../../../../arm-none-eabi/lib/thumb/v7e-m+fp/hard\libc_nano.a(libc_a-findfp.o)
 .text.cleanup_stdio
                0x000000000800dd44       0x40 C:/Program Files/STM32CubeIDE_1.14.0/STM32CubeIDE/plugins/com.st.stm32cube.ide.mcu.externaltools.gnu-tools-for-stm32.11.3.rel1.win32_1.1.100.202309141235/tools/bin/../lib/gcc/arm-none-eabi/11.3.1/../../../../arm-none-eabi/lib/thumb/v7e-m+fp/hard\libc_nano.a(libc_a-findfp.o)
 .text.global_stdio_init.part.0
                0x000000000800dd84       0x3c C:/Program Files/STM32CubeIDE_1.14.0/STM32CubeIDE/plugins/com.st.stm32cube.ide.mcu.externaltools.gnu-tools-for-stm32.11.3.rel1.win32_1.1.100.202309141235/tools/bin/../lib/gcc/arm-none-eabi/11.3.1/../../../../arm-none-eabi/lib/thumb/v7e-m+fp/hard\libc_nano.a(libc_a-findfp.o)
 .text.__sfp_lock_acquire
                0x000000000800ddc0        0xc C:/Program Files/STM32CubeIDE_1.14.0/STM32CubeIDE/plugins/com.st.stm32cube.ide.mcu.externaltools.gnu-tools-for-stm32.11.3.rel1.win32_1.1.100.202309141235/tools/bin/../lib/gcc/arm-none-eabi/11.3.1/../../../../arm-none-eabi/lib/thumb/v7e-m+fp/hard\libc_nano.a(libc_a-findfp.o)
                0x000000000800ddc0                __sfp_lock_acquire
 .text.__sfp_lock_release
                0x000000000800ddcc        0xc C:/Program Files/STM32CubeIDE_1.14.0/STM32CubeIDE/plugins/com.st.stm32cube.ide.mcu.externaltools.gnu-tools-for-stm32.11.3.rel1.win32_1.1.100.202309141235/tools/bin/../lib/gcc/arm-none-eabi/11.3.1/../../../../arm-none-eabi/lib/thumb/v7e-m+fp/hard\libc_nano.a(libc_a-findfp.o)
                0x000000000800ddcc                __sfp_lock_release
 .text.__sinit  0x000000000800ddd8       0x30 C:/Program Files/STM32CubeIDE_1.14.0/STM32CubeIDE/plugins/com.st.stm32cube.ide.mcu.externaltools.gnu-tools-for-stm32.11.3.rel1.win32_1.1.100.202309141235/tools/bin/../lib/gcc/arm-none-eabi/11.3.1/../../../../arm-none-eabi/lib/thumb/v7e-m+fp/hard\libc_nano.a(libc_a-findfp.o)
                0x000000000800ddd8                __sinit
 .text._fwalk_sglue
                0x000000000800de08       0x3c C:/Program Files/STM32CubeIDE_1.14.0/STM32CubeIDE/plugins/com.st.stm32cube.ide.mcu.externaltools.gnu-tools-for-stm32.11.3.rel1.win32_1.1.100.202309141235/tools/bin/../lib/gcc/arm-none-eabi/11.3.1/../../../../arm-none-eabi/lib/thumb/v7e-m+fp/hard\libc_nano.a(libc_a-fwalk.o)
                0x000000000800de08                _fwalk_sglue
 .text.printf   0x000000000800de44       0x24 C:/Program Files/STM32CubeIDE_1.14.0/STM32CubeIDE/plugins/com.st.stm32cube.ide.mcu.externaltools.gnu-tools-for-stm32.11.3.rel1.win32_1.1.100.202309141235/tools/bin/../lib/gcc/arm-none-eabi/11.3.1/../../../../arm-none-eabi/lib/thumb/v7e-m+fp/hard\libc_nano.a(libc_a-printf.o)
                0x000000000800de44                iprintf
                0x000000000800de44                printf
 .text._puts_r  0x000000000800de68       0xa8 C:/Program Files/STM32CubeIDE_1.14.0/STM32CubeIDE/plugins/com.st.stm32cube.ide.mcu.externaltools.gnu-tools-for-stm32.11.3.rel1.win32_1.1.100.202309141235/tools/bin/../lib/gcc/arm-none-eabi/11.3.1/../../../../arm-none-eabi/lib/thumb/v7e-m+fp/hard\libc_nano.a(libc_a-puts.o)
                0x000000000800de68                _puts_r
 .text.puts     0x000000000800df10       0x10 C:/Program Files/STM32CubeIDE_1.14.0/STM32CubeIDE/plugins/com.st.stm32cube.ide.mcu.externaltools.gnu-tools-for-stm32.11.3.rel1.win32_1.1.100.202309141235/tools/bin/../lib/gcc/arm-none-eabi/11.3.1/../../../../arm-none-eabi/lib/thumb/v7e-m+fp/hard\libc_nano.a(libc_a-puts.o)
                0x000000000800df10                puts
 .text.__sread  0x000000000800df20       0x22 C:/Program Files/STM32CubeIDE_1.14.0/STM32CubeIDE/plugins/com.st.stm32cube.ide.mcu.externaltools.gnu-tools-for-stm32.11.3.rel1.win32_1.1.100.202309141235/tools/bin/../lib/gcc/arm-none-eabi/11.3.1/../../../../arm-none-eabi/lib/thumb/v7e-m+fp/hard\libc_nano.a(libc_a-stdio.o)
                0x000000000800df20                __sread
 .text.__swrite
                0x000000000800df42       0x38 C:/Program Files/STM32CubeIDE_1.14.0/STM32CubeIDE/plugins/com.st.stm32cube.ide.mcu.externaltools.gnu-tools-for-stm32.11.3.rel1.win32_1.1.100.202309141235/tools/bin/../lib/gcc/arm-none-eabi/11.3.1/../../../../arm-none-eabi/lib/thumb/v7e-m+fp/hard\libc_nano.a(libc_a-stdio.o)
                0x000000000800df42                __swrite
 .text.__sseek  0x000000000800df7a       0x24 C:/Program Files/STM32CubeIDE_1.14.0/STM32CubeIDE/plugins/com.st.stm32cube.ide.mcu.externaltools.gnu-tools-for-stm32.11.3.rel1.win32_1.1.100.202309141235/tools/bin/../lib/gcc/arm-none-eabi/11.3.1/../../../../arm-none-eabi/lib/thumb/v7e-m+fp/hard\libc_nano.a(libc_a-stdio.o)
                0x000000000800df7a                __sseek
 .text.__sclose
                0x000000000800df9e        0x8 C:/Program Files/STM32CubeIDE_1.14.0/STM32CubeIDE/plugins/com.st.stm32cube.ide.mcu.externaltools.gnu-tools-for-stm32.11.3.rel1.win32_1.1.100.202309141235/tools/bin/../lib/gcc/arm-none-eabi/11.3.1/../../../../arm-none-eabi/lib/thumb/v7e-m+fp/hard\libc_nano.a(libc_a-stdio.o)
                0x000000000800df9e                __sclose
 .text.__swbuf_r
                0x000000000800dfa6       0x7a C:/Program Files/STM32CubeIDE_1.14.0/STM32CubeIDE/plugins/com.st.stm32cube.ide.mcu.externaltools.gnu-tools-for-stm32.11.3.rel1.win32_1.1.100.202309141235/tools/bin/../lib/gcc/arm-none-eabi/11.3.1/../../../../arm-none-eabi/lib/thumb/v7e-m+fp/hard\libc_nano.a(libc_a-wbuf.o)
                0x000000000800dfa6                __swbuf_r
 .text.__swsetup_r
                0x000000000800e020       0xb0 C:/Program Files/STM32CubeIDE_1.14.0/STM32CubeIDE/plugins/com.st.stm32cube.ide.mcu.externaltools.gnu-tools-for-stm32.11.3.rel1.win32_1.1.100.202309141235/tools/bin/../lib/gcc/arm-none-eabi/11.3.1/../../../../arm-none-eabi/lib/thumb/v7e-m+fp/hard\libc_nano.a(libc_a-wsetup.o)
                0x000000000800e020                __swsetup_r
 .text.memmove  0x000000000800e0d0       0x34 C:/Program Files/STM32CubeIDE_1.14.0/STM32CubeIDE/plugins/com.st.stm32cube.ide.mcu.externaltools.gnu-tools-for-stm32.11.3.rel1.win32_1.1.100.202309141235/tools/bin/../lib/gcc/arm-none-eabi/11.3.1/../../../../arm-none-eabi/lib/thumb/v7e-m+fp/hard\libc_nano.a(libc_a-memmove.o)
                0x000000000800e0d0                memmove
 .text.memset   0x000000000800e104       0x10 C:/Program Files/STM32CubeIDE_1.14.0/STM32CubeIDE/plugins/com.st.stm32cube.ide.mcu.externaltools.gnu-tools-for-stm32.11.3.rel1.win32_1.1.100.202309141235/tools/bin/../lib/gcc/arm-none-eabi/11.3.1/../../../../arm-none-eabi/lib/thumb/v7e-m+fp/hard\libc_nano.a(libc_a-memset.o)
                0x000000000800e104                memset
 .text.strcat   0x000000000800e114       0x1e C:/Program Files/STM32CubeIDE_1.14.0/STM32CubeIDE/plugins/com.st.stm32cube.ide.mcu.externaltools.gnu-tools-for-stm32.11.3.rel1.win32_1.1.100.202309141235/tools/bin/../lib/gcc/arm-none-eabi/11.3.1/../../../../arm-none-eabi/lib/thumb/v7e-m+fp/hard\libc_nano.a(libc_a-strcat.o)
                0x000000000800e114                strcat
 *fill*         0x000000000800e132        0x2 
 .text._close_r
                0x000000000800e134       0x20 C:/Program Files/STM32CubeIDE_1.14.0/STM32CubeIDE/plugins/com.st.stm32cube.ide.mcu.externaltools.gnu-tools-for-stm32.11.3.rel1.win32_1.1.100.202309141235/tools/bin/../lib/gcc/arm-none-eabi/11.3.1/../../../../arm-none-eabi/lib/thumb/v7e-m+fp/hard\libc_nano.a(libc_a-closer.o)
                0x000000000800e134                _close_r
 .text._lseek_r
                0x000000000800e154       0x24 C:/Program Files/STM32CubeIDE_1.14.0/STM32CubeIDE/plugins/com.st.stm32cube.ide.mcu.externaltools.gnu-tools-for-stm32.11.3.rel1.win32_1.1.100.202309141235/tools/bin/../lib/gcc/arm-none-eabi/11.3.1/../../../../arm-none-eabi/lib/thumb/v7e-m+fp/hard\libc_nano.a(libc_a-lseekr.o)
                0x000000000800e154                _lseek_r
 .text._read_r  0x000000000800e178       0x24 C:/Program Files/STM32CubeIDE_1.14.0/STM32CubeIDE/plugins/com.st.stm32cube.ide.mcu.externaltools.gnu-tools-for-stm32.11.3.rel1.win32_1.1.100.202309141235/tools/bin/../lib/gcc/arm-none-eabi/11.3.1/../../../../arm-none-eabi/lib/thumb/v7e-m+fp/hard\libc_nano.a(libc_a-readr.o)
                0x000000000800e178                _read_r
 .text._sbrk_r  0x000000000800e19c       0x20 C:/Program Files/STM32CubeIDE_1.14.0/STM32CubeIDE/plugins/com.st.stm32cube.ide.mcu.externaltools.gnu-tools-for-stm32.11.3.rel1.win32_1.1.100.202309141235/tools/bin/../lib/gcc/arm-none-eabi/11.3.1/../../../../arm-none-eabi/lib/thumb/v7e-m+fp/hard\libc_nano.a(libc_a-sbrkr.o)
                0x000000000800e19c                _sbrk_r
 .text._write_r
                0x000000000800e1bc       0x24 C:/Program Files/STM32CubeIDE_1.14.0/STM32CubeIDE/plugins/com.st.stm32cube.ide.mcu.externaltools.gnu-tools-for-stm32.11.3.rel1.win32_1.1.100.202309141235/tools/bin/../lib/gcc/arm-none-eabi/11.3.1/../../../../arm-none-eabi/lib/thumb/v7e-m+fp/hard\libc_nano.a(libc_a-writer.o)
                0x000000000800e1bc                _write_r
 .text.__errno  0x000000000800e1e0        0xc C:/Program Files/STM32CubeIDE_1.14.0/STM32CubeIDE/plugins/com.st.stm32cube.ide.mcu.externaltools.gnu-tools-for-stm32.11.3.rel1.win32_1.1.100.202309141235/tools/bin/../lib/gcc/arm-none-eabi/11.3.1/../../../../arm-none-eabi/lib/thumb/v7e-m+fp/hard\libc_nano.a(libc_a-errno.o)
                0x000000000800e1e0                __errno
 .text.__libc_init_array
                0x000000000800e1ec       0x48 C:/Program Files/STM32CubeIDE_1.14.0/STM32CubeIDE/plugins/com.st.stm32cube.ide.mcu.externaltools.gnu-tools-for-stm32.11.3.rel1.win32_1.1.100.202309141235/tools/bin/../lib/gcc/arm-none-eabi/11.3.1/../../../../arm-none-eabi/lib/thumb/v7e-m+fp/hard\libc_nano.a(libc_a-init.o)
                0x000000000800e1ec                __libc_init_array
 .text.__retarget_lock_init_recursive
                0x000000000800e234        0x2 C:/Program Files/STM32CubeIDE_1.14.0/STM32CubeIDE/plugins/com.st.stm32cube.ide.mcu.externaltools.gnu-tools-for-stm32.11.3.rel1.win32_1.1.100.202309141235/tools/bin/../lib/gcc/arm-none-eabi/11.3.1/../../../../arm-none-eabi/lib/thumb/v7e-m+fp/hard\libc_nano.a(libc_a-lock.o)
                0x000000000800e234                __retarget_lock_init_recursive
 .text.__retarget_lock_acquire_recursive
                0x000000000800e236        0x2 C:/Program Files/STM32CubeIDE_1.14.0/STM32CubeIDE/plugins/com.st.stm32cube.ide.mcu.externaltools.gnu-tools-for-stm32.11.3.rel1.win32_1.1.100.202309141235/tools/bin/../lib/gcc/arm-none-eabi/11.3.1/../../../../arm-none-eabi/lib/thumb/v7e-m+fp/hard\libc_nano.a(libc_a-lock.o)
                0x000000000800e236                __retarget_lock_acquire_recursive
 .text.__retarget_lock_release_recursive
                0x000000000800e238        0x2 C:/Program Files/STM32CubeIDE_1.14.0/STM32CubeIDE/plugins/com.st.stm32cube.ide.mcu.externaltools.gnu-tools-for-stm32.11.3.rel1.win32_1.1.100.202309141235/tools/bin/../lib/gcc/arm-none-eabi/11.3.1/../../../../arm-none-eabi/lib/thumb/v7e-m+fp/hard\libc_nano.a(libc_a-lock.o)
                0x000000000800e238                __retarget_lock_release_recursive
 .text.strcpy   0x000000000800e23a       0x10 C:/Program Files/STM32CubeIDE_1.14.0/STM32CubeIDE/plugins/com.st.stm32cube.ide.mcu.externaltools.gnu-tools-for-stm32.11.3.rel1.win32_1.1.100.202309141235/tools/bin/../lib/gcc/arm-none-eabi/11.3.1/../../../../arm-none-eabi/lib/thumb/v7e-m+fp/hard\libc_nano.a(libc_a-strcpy.o)
                0x000000000800e23a                strcpy
 .text.memcpy   0x000000000800e24a       0x1c C:/Program Files/STM32CubeIDE_1.14.0/STM32CubeIDE/plugins/com.st.stm32cube.ide.mcu.externaltools.gnu-tools-for-stm32.11.3.rel1.win32_1.1.100.202309141235/tools/bin/../lib/gcc/arm-none-eabi/11.3.1/../../../../arm-none-eabi/lib/thumb/v7e-m+fp/hard\libc_nano.a(libc_a-memcpy-stub.o)
                0x000000000800e24a                memcpy
 *fill*         0x000000000800e266        0x2 
 .text._free_r  0x000000000800e268       0x98 C:/Program Files/STM32CubeIDE_1.14.0/STM32CubeIDE/plugins/com.st.stm32cube.ide.mcu.externaltools.gnu-tools-for-stm32.11.3.rel1.win32_1.1.100.202309141235/tools/bin/../lib/gcc/arm-none-eabi/11.3.1/../../../../arm-none-eabi/lib/thumb/v7e-m+fp/hard\libc_nano.a(libc_a-freer.o)
                0x000000000800e268                _free_r
 .text.__sfputc_r
                0x000000000800e300       0x2e C:/Program Files/STM32CubeIDE_1.14.0/STM32CubeIDE/plugins/com.st.stm32cube.ide.mcu.externaltools.gnu-tools-for-stm32.11.3.rel1.win32_1.1.100.202309141235/tools/bin/../lib/gcc/arm-none-eabi/11.3.1/../../../../arm-none-eabi/lib/thumb/v7e-m+fp/hard\libc_nano.a(libc_a-nano-vfprintf.o)
 .text.__sfputs_r
                0x000000000800e32e       0x24 C:/Program Files/STM32CubeIDE_1.14.0/STM32CubeIDE/plugins/com.st.stm32cube.ide.mcu.externaltools.gnu-tools-for-stm32.11.3.rel1.win32_1.1.100.202309141235/tools/bin/../lib/gcc/arm-none-eabi/11.3.1/../../../../arm-none-eabi/lib/thumb/v7e-m+fp/hard\libc_nano.a(libc_a-nano-vfprintf.o)
                0x000000000800e32e                __sfputs_r
 *fill*         0x000000000800e352        0x2 
 .text._vfprintf_r
                0x000000000800e354      0x234 C:/Program Files/STM32CubeIDE_1.14.0/STM32CubeIDE/plugins/com.st.stm32cube.ide.mcu.externaltools.gnu-tools-for-stm32.11.3.rel1.win32_1.1.100.202309141235/tools/bin/../lib/gcc/arm-none-eabi/11.3.1/../../../../arm-none-eabi/lib/thumb/v7e-m+fp/hard\libc_nano.a(libc_a-nano-vfprintf.o)
                0x000000000800e354                _vfprintf_r
                0x000000000800e354                _vfiprintf_r
 .text._printf_common
                0x000000000800e588       0xda C:/Program Files/STM32CubeIDE_1.14.0/STM32CubeIDE/plugins/com.st.stm32cube.ide.mcu.externaltools.gnu-tools-for-stm32.11.3.rel1.win32_1.1.100.202309141235/tools/bin/../lib/gcc/arm-none-eabi/11.3.1/../../../../arm-none-eabi/lib/thumb/v7e-m+fp/hard\libc_nano.a(libc_a-nano-vfprintf_i.o)
                0x000000000800e588                _printf_common
 *fill*         0x000000000800e662        0x2 
 .text._printf_i
                0x000000000800e664      0x244 C:/Program Files/STM32CubeIDE_1.14.0/STM32CubeIDE/plugins/com.st.stm32cube.ide.mcu.externaltools.gnu-tools-for-stm32.11.3.rel1.win32_1.1.100.202309141235/tools/bin/../lib/gcc/arm-none-eabi/11.3.1/../../../../arm-none-eabi/lib/thumb/v7e-m+fp/hard\libc_nano.a(libc_a-nano-vfprintf_i.o)
                0x000000000800e664                _printf_i
 .text.__swhatbuf_r
                0x000000000800e8a8       0x4c C:/Program Files/STM32CubeIDE_1.14.0/STM32CubeIDE/plugins/com.st.stm32cube.ide.mcu.externaltools.gnu-tools-for-stm32.11.3.rel1.win32_1.1.100.202309141235/tools/bin/../lib/gcc/arm-none-eabi/11.3.1/../../../../arm-none-eabi/lib/thumb/v7e-m+fp/hard\libc_nano.a(libc_a-makebuf.o)
                0x000000000800e8a8                __swhatbuf_r
 .text.__smakebuf_r
                0x000000000800e8f4       0x78 C:/Program Files/STM32CubeIDE_1.14.0/STM32CubeIDE/plugins/com.st.stm32cube.ide.mcu.externaltools.gnu-tools-for-stm32.11.3.rel1.win32_1.1.100.202309141235/tools/bin/../lib/gcc/arm-none-eabi/11.3.1/../../../../arm-none-eabi/lib/thumb/v7e-m+fp/hard\libc_nano.a(libc_a-makebuf.o)
                0x000000000800e8f4                __smakebuf_r
 .text._fstat_r
                0x000000000800e96c       0x24 C:/Program Files/STM32CubeIDE_1.14.0/STM32CubeIDE/plugins/com.st.stm32cube.ide.mcu.externaltools.gnu-tools-for-stm32.11.3.rel1.win32_1.1.100.202309141235/tools/bin/../lib/gcc/arm-none-eabi/11.3.1/../../../../arm-none-eabi/lib/thumb/v7e-m+fp/hard\libc_nano.a(libc_a-fstatr.o)
                0x000000000800e96c                _fstat_r
 .text._isatty_r
                0x000000000800e990       0x20 C:/Program Files/STM32CubeIDE_1.14.0/STM32CubeIDE/plugins/com.st.stm32cube.ide.mcu.externaltools.gnu-tools-for-stm32.11.3.rel1.win32_1.1.100.202309141235/tools/bin/../lib/gcc/arm-none-eabi/11.3.1/../../../../arm-none-eabi/lib/thumb/v7e-m+fp/hard\libc_nano.a(libc_a-isattyr.o)
                0x000000000800e990                _isatty_r
 .text.pow      0x000000000800e9b0       0xe0 C:/Program Files/STM32CubeIDE_1.14.0/STM32CubeIDE/plugins/com.st.stm32cube.ide.mcu.externaltools.gnu-tools-for-stm32.11.3.rel1.win32_1.1.100.202309141235/tools/bin/../lib/gcc/arm-none-eabi/11.3.1/../../../../arm-none-eabi/lib/thumb/v7e-m+fp/hard\libm.a(libm_a-w_pow.o)
                0x000000000800e9b0                pow
 .text.finite   0x000000000800ea90       0x16 C:/Program Files/STM32CubeIDE_1.14.0/STM32CubeIDE/plugins/com.st.stm32cube.ide.mcu.externaltools.gnu-tools-for-stm32.11.3.rel1.win32_1.1.100.202309141235/tools/bin/../lib/gcc/arm-none-eabi/11.3.1/../../../../arm-none-eabi/lib/thumb/v7e-m+fp/hard\libm.a(libm_a-s_finite.o)
                0x000000000800ea90                finite
 *fill*         0x000000000800eaa6        0x2 
 .text.__ieee754_pow
                0x000000000800eaa8      0xa54 C:/Program Files/STM32CubeIDE_1.14.0/STM32CubeIDE/plugins/com.st.stm32cube.ide.mcu.externaltools.gnu-tools-for-stm32.11.3.rel1.win32_1.1.100.202309141235/tools/bin/../lib/gcc/arm-none-eabi/11.3.1/../../../../arm-none-eabi/lib/thumb/v7e-m+fp/hard\libm.a(libm_a-e_pow.o)
                0x000000000800eaa8                __ieee754_pow
 .text.fabs     0x000000000800f4fc       0x12 C:/Program Files/STM32CubeIDE_1.14.0/STM32CubeIDE/plugins/com.st.stm32cube.ide.mcu.externaltools.gnu-tools-for-stm32.11.3.rel1.win32_1.1.100.202309141235/tools/bin/../lib/gcc/arm-none-eabi/11.3.1/../../../../arm-none-eabi/lib/thumb/v7e-m+fp/hard\libm.a(libm_a-s_fabs.o)
                0x000000000800f4fc                fabs
 *fill*         0x000000000800f50e        0x2 
 .text.scalbn   0x000000000800f510       0xfc C:/Program Files/STM32CubeIDE_1.14.0/STM32CubeIDE/plugins/com.st.stm32cube.ide.mcu.externaltools.gnu-tools-for-stm32.11.3.rel1.win32_1.1.100.202309141235/tools/bin/../lib/gcc/arm-none-eabi/11.3.1/../../../../arm-none-eabi/lib/thumb/v7e-m+fp/hard\libm.a(libm_a-s_scalbn.o)
                0x000000000800f510                scalbn
 .text.with_errno
                0x000000000800f60c       0x14 C:/Program Files/STM32CubeIDE_1.14.0/STM32CubeIDE/plugins/com.st.stm32cube.ide.mcu.externaltools.gnu-tools-for-stm32.11.3.rel1.win32_1.1.100.202309141235/tools/bin/../lib/gcc/arm-none-eabi/11.3.1/../../../../arm-none-eabi/lib/thumb/v7e-m+fp/hard\libm.a(libm_a-math_err.o)
 .text.xflow    0x000000000800f620       0x28 C:/Program Files/STM32CubeIDE_1.14.0/STM32CubeIDE/plugins/com.st.stm32cube.ide.mcu.externaltools.gnu-tools-for-stm32.11.3.rel1.win32_1.1.100.202309141235/tools/bin/../lib/gcc/arm-none-eabi/11.3.1/../../../../arm-none-eabi/lib/thumb/v7e-m+fp/hard\libm.a(libm_a-math_err.o)
 .text.__math_uflow
                0x000000000800f648       0x12 C:/Program Files/STM32CubeIDE_1.14.0/STM32CubeIDE/plugins/com.st.stm32cube.ide.mcu.externaltools.gnu-tools-for-stm32.11.3.rel1.win32_1.1.100.202309141235/tools/bin/../lib/gcc/arm-none-eabi/11.3.1/../../../../arm-none-eabi/lib/thumb/v7e-m+fp/hard\libm.a(libm_a-math_err.o)
                0x000000000800f648                __math_uflow
 .text.__math_oflow
                0x000000000800f65a       0x12 C:/Program Files/STM32CubeIDE_1.14.0/STM32CubeIDE/plugins/com.st.stm32cube.ide.mcu.externaltools.gnu-tools-for-stm32.11.3.rel1.win32_1.1.100.202309141235/tools/bin/../lib/gcc/arm-none-eabi/11.3.1/../../../../arm-none-eabi/lib/thumb/v7e-m+fp/hard\libm.a(libm_a-math_err.o)
                0x000000000800f65a                __math_oflow
 .text.__ieee754_sqrt
                0x000000000800f66c      0x1b4 C:/Program Files/STM32CubeIDE_1.14.0/STM32CubeIDE/plugins/com.st.stm32cube.ide.mcu.externaltools.gnu-tools-for-stm32.11.3.rel1.win32_1.1.100.202309141235/tools/bin/../lib/gcc/arm-none-eabi/11.3.1/../../../../arm-none-eabi/lib/thumb/v7e-m+fp/hard\libm.a(libm_a-e_sqrt.o)
                0x000000000800f66c                __ieee754_sqrt
 *(.glue_7)
 .glue_7        0x000000000800f820        0x0 linker stubs
 *(.glue_7t)
 .glue_7t       0x000000000800f820        0x0 linker stubs
 *(.eh_frame)
 .eh_frame      0x000000000800f820        0x0 C:/Program Files/STM32CubeIDE_1.14.0/STM32CubeIDE/plugins/com.st.stm32cube.ide.mcu.externaltools.gnu-tools-for-stm32.11.3.rel1.win32_1.1.100.202309141235/tools/bin/../lib/gcc/arm-none-eabi/11.3.1/thumb/v7e-m+fp/hard/crtbegin.o
 *(.init)
 .init          0x000000000800f820        0x4 C:/Program Files/STM32CubeIDE_1.14.0/STM32CubeIDE/plugins/com.st.stm32cube.ide.mcu.externaltools.gnu-tools-for-stm32.11.3.rel1.win32_1.1.100.202309141235/tools/bin/../lib/gcc/arm-none-eabi/11.3.1/thumb/v7e-m+fp/hard/crti.o
                0x000000000800f820                _init
 .init          0x000000000800f824        0x8 C:/Program Files/STM32CubeIDE_1.14.0/STM32CubeIDE/plugins/com.st.stm32cube.ide.mcu.externaltools.gnu-tools-for-stm32.11.3.rel1.win32_1.1.100.202309141235/tools/bin/../lib/gcc/arm-none-eabi/11.3.1/thumb/v7e-m+fp/hard/crtn.o
 *(.fini)
 .fini          0x000000000800f82c        0x4 C:/Program Files/STM32CubeIDE_1.14.0/STM32CubeIDE/plugins/com.st.stm32cube.ide.mcu.externaltools.gnu-tools-for-stm32.11.3.rel1.win32_1.1.100.202309141235/tools/bin/../lib/gcc/arm-none-eabi/11.3.1/thumb/v7e-m+fp/hard/crti.o
                0x000000000800f82c                _fini
 .fini          0x000000000800f830        0x8 C:/Program Files/STM32CubeIDE_1.14.0/STM32CubeIDE/plugins/com.st.stm32cube.ide.mcu.externaltools.gnu-tools-for-stm32.11.3.rel1.win32_1.1.100.202309141235/tools/bin/../lib/gcc/arm-none-eabi/11.3.1/thumb/v7e-m+fp/hard/crtn.o
                0x000000000800f838                . = ALIGN (0x4)
                0x000000000800f838                _etext = .

.vfp11_veneer   0x000000000800f838        0x0
 .vfp11_veneer  0x000000000800f838        0x0 linker stubs

.v4_bx          0x000000000800f838        0x0
 .v4_bx         0x000000000800f838        0x0 linker stubs

.iplt           0x000000000800f838        0x0
 .iplt          0x000000000800f838        0x0 C:/Program Files/STM32CubeIDE_1.14.0/STM32CubeIDE/plugins/com.st.stm32cube.ide.mcu.externaltools.gnu-tools-for-stm32.11.3.rel1.win32_1.1.100.202309141235/tools/bin/../lib/gcc/arm-none-eabi/11.3.1/thumb/v7e-m+fp/hard/crtbegin.o

.rodata         0x000000000800f838     0x17b8
                0x000000000800f838                . = ALIGN (0x4)
 *(.rodata)
 .rodata        0x000000000800f838      0x1c5 ./CanOpenSTM32/CANopenNode_STM32/CO_app_STM32.o
 *fill*         0x000000000800f9fd        0x3 
 .rodata        0x000000000800fa00       0xf9 ./Core/Src/main.o
 *(.rodata*)
 *fill*         0x000000000800faf9        0x3 
 .rodata.CO_LSS_bitTimingTableLookup
                0x000000000800fafc       0x14 ./CanOpenSTM32/CANopenNode_STM32/CO_LSSslave.o
 .rodata.abortCodes.0
                0x000000000800fb10       0x68 ./CanOpenSTM32/CANopenNode_STM32/CO_ODinterface.o
 .rodata.ODObjs
                0x000000000800fb78     0x13f4 ./CanOpenSTM32/CANopenNode_STM32/OD.o
 .rodata.AHBPrescTable
                0x0000000008010f6c       0x10 ./Core/Src/system_stm32f4xx.o
                0x0000000008010f6c                AHBPrescTable
 .rodata.APBPrescTable
                0x0000000008010f7c        0x8 ./Core/Src/system_stm32f4xx.o
                0x0000000008010f7c                APBPrescTable
 .rodata.flagBitshiftOffset.0
                0x0000000008010f84        0x8 ./Drivers/STM32F4xx_HAL_Driver/Src/stm32f4xx_hal_dma.o
 .rodata._vfprintf_r.str1.1
                0x0000000008010f8c       0x11 C:/Program Files/STM32CubeIDE_1.14.0/STM32CubeIDE/plugins/com.st.stm32cube.ide.mcu.externaltools.gnu-tools-for-stm32.11.3.rel1.win32_1.1.100.202309141235/tools/bin/../lib/gcc/arm-none-eabi/11.3.1/../../../../arm-none-eabi/lib/thumb/v7e-m+fp/hard\libc_nano.a(libc_a-nano-vfprintf.o)
 .rodata._printf_i.str1.1
                0x0000000008010f9d       0x22 C:/Program Files/STM32CubeIDE_1.14.0/STM32CubeIDE/plugins/com.st.stm32cube.ide.mcu.externaltools.gnu-tools-for-stm32.11.3.rel1.win32_1.1.100.202309141235/tools/bin/../lib/gcc/arm-none-eabi/11.3.1/../../../../arm-none-eabi/lib/thumb/v7e-m+fp/hard\libc_nano.a(libc_a-nano-vfprintf_i.o)
 *fill*         0x0000000008010fbf        0x1 
 .rodata.bp     0x0000000008010fc0       0x10 C:/Program Files/STM32CubeIDE_1.14.0/STM32CubeIDE/plugins/com.st.stm32cube.ide.mcu.externaltools.gnu-tools-for-stm32.11.3.rel1.win32_1.1.100.202309141235/tools/bin/../lib/gcc/arm-none-eabi/11.3.1/../../../../arm-none-eabi/lib/thumb/v7e-m+fp/hard\libm.a(libm_a-e_pow.o)
 .rodata.dp_h   0x0000000008010fd0       0x10 C:/Program Files/STM32CubeIDE_1.14.0/STM32CubeIDE/plugins/com.st.stm32cube.ide.mcu.externaltools.gnu-tools-for-stm32.11.3.rel1.win32_1.1.100.202309141235/tools/bin/../lib/gcc/arm-none-eabi/11.3.1/../../../../arm-none-eabi/lib/thumb/v7e-m+fp/hard\libm.a(libm_a-e_pow.o)
 .rodata.dp_l   0x0000000008010fe0       0x10 C:/Program Files/STM32CubeIDE_1.14.0/STM32CubeIDE/plugins/com.st.stm32cube.ide.mcu.externaltools.gnu-tools-for-stm32.11.3.rel1.win32_1.1.100.202309141235/tools/bin/../lib/gcc/arm-none-eabi/11.3.1/../../../../arm-none-eabi/lib/thumb/v7e-m+fp/hard\libm.a(libm_a-e_pow.o)
                0x0000000008010ff0                . = ALIGN (0x4)

.ARM.extab      0x0000000008010ff0        0x0
                0x0000000008010ff0                . = ALIGN (0x4)
 *(.ARM.extab* .gnu.linkonce.armextab.*)
                0x0000000008010ff0                . = ALIGN (0x4)

.ARM            0x0000000008010ff0        0x8
                0x0000000008010ff0                . = ALIGN (0x4)
                0x0000000008010ff0                __exidx_start = .
 *(.ARM.exidx*)
 .ARM.exidx     0x0000000008010ff0        0x8 C:/Program Files/STM32CubeIDE_1.14.0/STM32CubeIDE/plugins/com.st.stm32cube.ide.mcu.externaltools.gnu-tools-for-stm32.11.3.rel1.win32_1.1.100.202309141235/tools/bin/../lib/gcc/arm-none-eabi/11.3.1/thumb/v7e-m+fp/hard\libgcc.a(_udivmoddi4.o)
                0x0000000008010ff8                __exidx_end = .
                0x0000000008010ff8                . = ALIGN (0x4)

.rel.dyn        0x0000000008010ff8        0x0
 .rel.iplt      0x0000000008010ff8        0x0 C:/Program Files/STM32CubeIDE_1.14.0/STM32CubeIDE/plugins/com.st.stm32cube.ide.mcu.externaltools.gnu-tools-for-stm32.11.3.rel1.win32_1.1.100.202309141235/tools/bin/../lib/gcc/arm-none-eabi/11.3.1/thumb/v7e-m+fp/hard/crtbegin.o

.preinit_array  0x0000000008010ff8        0x0
                0x0000000008010ff8                . = ALIGN (0x4)
                0x0000000008010ff8                PROVIDE (__preinit_array_start = .)
 *(.preinit_array*)
                0x0000000008010ff8                PROVIDE (__preinit_array_end = .)
                0x0000000008010ff8                . = ALIGN (0x4)

.init_array     0x0000000008010ff8        0x4
                0x0000000008010ff8                . = ALIGN (0x4)
                0x0000000008010ff8                PROVIDE (__init_array_start = .)
 *(SORT_BY_NAME(.init_array.*))
 *(.init_array*)
 .init_array    0x0000000008010ff8        0x4 C:/Program Files/STM32CubeIDE_1.14.0/STM32CubeIDE/plugins/com.st.stm32cube.ide.mcu.externaltools.gnu-tools-for-stm32.11.3.rel1.win32_1.1.100.202309141235/tools/bin/../lib/gcc/arm-none-eabi/11.3.1/thumb/v7e-m+fp/hard/crtbegin.o
                0x0000000008010ffc                PROVIDE (__init_array_end = .)
                0x0000000008010ffc                . = ALIGN (0x4)

.fini_array     0x0000000008010ffc        0x4
                0x0000000008010ffc                . = ALIGN (0x4)
                [!provide]                        PROVIDE (__fini_array_start = .)
 *(SORT_BY_NAME(.fini_array.*))
 *(.fini_array*)
 .fini_array    0x0000000008010ffc        0x4 C:/Program Files/STM32CubeIDE_1.14.0/STM32CubeIDE/plugins/com.st.stm32cube.ide.mcu.externaltools.gnu-tools-for-stm32.11.3.rel1.win32_1.1.100.202309141235/tools/bin/../lib/gcc/arm-none-eabi/11.3.1/thumb/v7e-m+fp/hard/crtbegin.o
                [!provide]                        PROVIDE (__fini_array_end = .)
                0x0000000008011000                . = ALIGN (0x4)
                0x0000000008011000                _sidata = LOADADDR (.data)

.data           0x0000000020000000      0xe10 load address 0x0000000008011000
                0x0000000020000000                . = ALIGN (0x4)