C:/Users/Hp/ST_Workspace/Bidirectional_com_CAN_SERIAL_F446/CanOpenSTM32/CANopenNode_STM32/CO_ODinterface.h:605:1:OD_set_u32	1
../Core/Src/main.c:71:6:HAL_TIM_PeriodElapsedCallback	3
../Core/Src/main.c:137:5:main	1
../Core/Src/main.c:238:6:SystemClock_Config	3
../Core/Src/main.c:286:13:MX_CAN1_Init	2
../Core/Src/main.c:337:13:MX_TIM14_Init	2
../Core/Src/main.c:368:13:MX_USART2_UART_Init	2
../Core/Src/main.c:399:13:MX_DMA_Init	1
../Core/Src/main.c:417:13:MX_GPIO_Init	1
../Core/Src/main.c:441:6:spara_indietro_usart	4
../Core/Src/main.c:471:6:HAL_UART_RxCpltCallback	51
../Core/Src/main.c:740:6:Error_Handler	1
